Archive member included to satisfy reference by file (symbol)

e:/stm32_latest/stm32cubeide_1.11.2/stm32cubeide/plugins/com.st.stm32cube.ide.mcu.externaltools.gnu-tools-for-stm32.10.3-2021.10.win32_1.0.100.202210260954/tools/bin/../lib/gcc/arm-none-eabi/10.3.1/../../../../arm-none-eabi/lib/thumb/v7-m/nofp\libc_nano.a(lib_a-errno.o)
                              ./Src/syscalls.o (__errno)
e:/stm32_latest/stm32cubeide_1.11.2/stm32cubeide/plugins/com.st.stm32cube.ide.mcu.externaltools.gnu-tools-for-stm32.10.3-2021.10.win32_1.0.100.202210260954/tools/bin/../lib/gcc/arm-none-eabi/10.3.1/../../../../arm-none-eabi/lib/thumb/v7-m/nofp\libc_nano.a(lib_a-exit.o)
                              e:/stm32_latest/stm32cubeide_1.11.2/stm32cubeide/plugins/com.st.stm32cube.ide.mcu.externaltools.gnu-tools-for-stm32.10.3-2021.10.win32_1.0.100.202210260954/tools/bin/../lib/gcc/arm-none-eabi/10.3.1/../../../../arm-none-eabi/lib/thumb/v7-m/nofp/crt0.o (exit)
e:/stm32_latest/stm32cubeide_1.11.2/stm32cubeide/plugins/com.st.stm32cube.ide.mcu.externaltools.gnu-tools-for-stm32.10.3-2021.10.win32_1.0.100.202210260954/tools/bin/../lib/gcc/arm-none-eabi/10.3.1/../../../../arm-none-eabi/lib/thumb/v7-m/nofp\libc_nano.a(lib_a-impure.o)
                              e:/stm32_latest/stm32cubeide_1.11.2/stm32cubeide/plugins/com.st.stm32cube.ide.mcu.externaltools.gnu-tools-for-stm32.10.3-2021.10.win32_1.0.100.202210260954/tools/bin/../lib/gcc/arm-none-eabi/10.3.1/../../../../arm-none-eabi/lib/thumb/v7-m/nofp\libc_nano.a(lib_a-exit.o) (_global_impure_ptr)
e:/stm32_latest/stm32cubeide_1.11.2/stm32cubeide/plugins/com.st.stm32cube.ide.mcu.externaltools.gnu-tools-for-stm32.10.3-2021.10.win32_1.0.100.202210260954/tools/bin/../lib/gcc/arm-none-eabi/10.3.1/../../../../arm-none-eabi/lib/thumb/v7-m/nofp\libc_nano.a(lib_a-init.o)
                              e:/stm32_latest/stm32cubeide_1.11.2/stm32cubeide/plugins/com.st.stm32cube.ide.mcu.externaltools.gnu-tools-for-stm32.10.3-2021.10.win32_1.0.100.202210260954/tools/bin/../lib/gcc/arm-none-eabi/10.3.1/../../../../arm-none-eabi/lib/thumb/v7-m/nofp/crt0.o (__libc_init_array)
e:/stm32_latest/stm32cubeide_1.11.2/stm32cubeide/plugins/com.st.stm32cube.ide.mcu.externaltools.gnu-tools-for-stm32.10.3-2021.10.win32_1.0.100.202210260954/tools/bin/../lib/gcc/arm-none-eabi/10.3.1/../../../../arm-none-eabi/lib/thumb/v7-m/nofp\libc_nano.a(lib_a-memset.o)
                              e:/stm32_latest/stm32cubeide_1.11.2/stm32cubeide/plugins/com.st.stm32cube.ide.mcu.externaltools.gnu-tools-for-stm32.10.3-2021.10.win32_1.0.100.202210260954/tools/bin/../lib/gcc/arm-none-eabi/10.3.1/../../../../arm-none-eabi/lib/thumb/v7-m/nofp/crt0.o (memset)

Discarded input sections

 .text          0x0000000000000000        0x0 e:/stm32_latest/stm32cubeide_1.11.2/stm32cubeide/plugins/com.st.stm32cube.ide.mcu.externaltools.gnu-tools-for-stm32.10.3-2021.10.win32_1.0.100.202210260954/tools/bin/../lib/gcc/arm-none-eabi/10.3.1/thumb/v7-m/nofp/crti.o
 .data          0x0000000000000000        0x0 e:/stm32_latest/stm32cubeide_1.11.2/stm32cubeide/plugins/com.st.stm32cube.ide.mcu.externaltools.gnu-tools-for-stm32.10.3-2021.10.win32_1.0.100.202210260954/tools/bin/../lib/gcc/arm-none-eabi/10.3.1/thumb/v7-m/nofp/crti.o
 .bss           0x0000000000000000        0x0 e:/stm32_latest/stm32cubeide_1.11.2/stm32cubeide/plugins/com.st.stm32cube.ide.mcu.externaltools.gnu-tools-for-stm32.10.3-2021.10.win32_1.0.100.202210260954/tools/bin/../lib/gcc/arm-none-eabi/10.3.1/thumb/v7-m/nofp/crti.o
 .data          0x0000000000000000        0x4 e:/stm32_latest/stm32cubeide_1.11.2/stm32cubeide/plugins/com.st.stm32cube.ide.mcu.externaltools.gnu-tools-for-stm32.10.3-2021.10.win32_1.0.100.202210260954/tools/bin/../lib/gcc/arm-none-eabi/10.3.1/thumb/v7-m/nofp/crtbegin.o
 .rodata        0x0000000000000000       0x24 e:/stm32_latest/stm32cubeide_1.11.2/stm32cubeide/plugins/com.st.stm32cube.ide.mcu.externaltools.gnu-tools-for-stm32.10.3-2021.10.win32_1.0.100.202210260954/tools/bin/../lib/gcc/arm-none-eabi/10.3.1/thumb/v7-m/nofp/crtbegin.o
 .text          0x0000000000000000       0x7c e:/stm32_latest/stm32cubeide_1.11.2/stm32cubeide/plugins/com.st.stm32cube.ide.mcu.externaltools.gnu-tools-for-stm32.10.3-2021.10.win32_1.0.100.202210260954/tools/bin/../lib/gcc/arm-none-eabi/10.3.1/../../../../arm-none-eabi/lib/thumb/v7-m/nofp/crt0.o
 .data          0x0000000000000000        0x0 e:/stm32_latest/stm32cubeide_1.11.2/stm32cubeide/plugins/com.st.stm32cube.ide.mcu.externaltools.gnu-tools-for-stm32.10.3-2021.10.win32_1.0.100.202210260954/tools/bin/../lib/gcc/arm-none-eabi/10.3.1/../../../../arm-none-eabi/lib/thumb/v7-m/nofp/crt0.o
 .bss           0x0000000000000000        0x0 e:/stm32_latest/stm32cubeide_1.11.2/stm32cubeide/plugins/com.st.stm32cube.ide.mcu.externaltools.gnu-tools-for-stm32.10.3-2021.10.win32_1.0.100.202210260954/tools/bin/../lib/gcc/arm-none-eabi/10.3.1/../../../../arm-none-eabi/lib/thumb/v7-m/nofp/crt0.o
 .ARM.extab     0x0000000000000000        0x0 e:/stm32_latest/stm32cubeide_1.11.2/stm32cubeide/plugins/com.st.stm32cube.ide.mcu.externaltools.gnu-tools-for-stm32.10.3-2021.10.win32_1.0.100.202210260954/tools/bin/../lib/gcc/arm-none-eabi/10.3.1/../../../../arm-none-eabi/lib/thumb/v7-m/nofp/crt0.o
 .ARM.exidx     0x0000000000000000       0x10 e:/stm32_latest/stm32cubeide_1.11.2/stm32cubeide/plugins/com.st.stm32cube.ide.mcu.externaltools.gnu-tools-for-stm32.10.3-2021.10.win32_1.0.100.202210260954/tools/bin/../lib/gcc/arm-none-eabi/10.3.1/../../../../arm-none-eabi/lib/thumb/v7-m/nofp/crt0.o
 .ARM.attributes
                0x0000000000000000       0x1b e:/stm32_latest/stm32cubeide_1.11.2/stm32cubeide/plugins/com.st.stm32cube.ide.mcu.externaltools.gnu-tools-for-stm32.10.3-2021.10.win32_1.0.100.202210260954/tools/bin/../lib/gcc/arm-none-eabi/10.3.1/../../../../arm-none-eabi/lib/thumb/v7-m/nofp/crt0.o
 .group         0x0000000000000000        0xc ./HAL/Key_Pad_Driver.o
 .group         0x0000000000000000        0xc ./HAL/Key_Pad_Driver.o
 .group         0x0000000000000000        0xc ./HAL/Key_Pad_Driver.o
 .group         0x0000000000000000        0xc ./HAL/Key_Pad_Driver.o
 .group         0x0000000000000000        0xc ./HAL/Key_Pad_Driver.o
 .group         0x0000000000000000        0xc ./HAL/Key_Pad_Driver.o
 .group         0x0000000000000000        0xc ./HAL/Key_Pad_Driver.o
 .group         0x0000000000000000        0xc ./HAL/Key_Pad_Driver.o
 .group         0x0000000000000000        0xc ./HAL/Key_Pad_Driver.o
 .group         0x0000000000000000        0xc ./HAL/Key_Pad_Driver.o
 .group         0x0000000000000000        0xc ./HAL/Key_Pad_Driver.o
 .group         0x0000000000000000        0xc ./HAL/Key_Pad_Driver.o
 .group         0x0000000000000000        0xc ./HAL/Key_Pad_Driver.o
 .group         0x0000000000000000        0xc ./HAL/Key_Pad_Driver.o
 .group         0x0000000000000000        0xc ./HAL/Key_Pad_Driver.o
 .group         0x0000000000000000        0xc ./HAL/Key_Pad_Driver.o
 .group         0x0000000000000000        0xc ./HAL/Key_Pad_Driver.o
 .group         0x0000000000000000        0xc ./HAL/Key_Pad_Driver.o
 .group         0x0000000000000000        0xc ./HAL/Key_Pad_Driver.o
 .group         0x0000000000000000        0xc ./HAL/Key_Pad_Driver.o
 .group         0x0000000000000000        0xc ./HAL/Key_Pad_Driver.o
 .group         0x0000000000000000        0xc ./HAL/Key_Pad_Driver.o
 .group         0x0000000000000000        0xc ./HAL/Key_Pad_Driver.o
 .group         0x0000000000000000        0xc ./HAL/Key_Pad_Driver.o
 .group         0x0000000000000000        0xc ./HAL/Key_Pad_Driver.o
 .group         0x0000000000000000        0xc ./HAL/Key_Pad_Driver.o
 .group         0x0000000000000000        0xc ./HAL/Key_Pad_Driver.o
 .group         0x0000000000000000        0xc ./HAL/Key_Pad_Driver.o
 .text          0x0000000000000000        0x0 ./HAL/Key_Pad_Driver.o
 .data          0x0000000000000000        0x0 ./HAL/Key_Pad_Driver.o
 .bss           0x0000000000000000        0x0 ./HAL/Key_Pad_Driver.o
 .bss.P_Config  0x0000000000000000        0x4 ./HAL/Key_Pad_Driver.o
 .data.Key_padRow
                0x0000000000000000       0x10 ./HAL/Key_Pad_Driver.o
 .data.Key_padCol
                0x0000000000000000       0x10 ./HAL/Key_Pad_Driver.o
 .text.keypad_init
                0x0000000000000000      0x13c ./HAL/Key_Pad_Driver.o
 .text.Keypad_getKey
                0x0000000000000000      0x198 ./HAL/Key_Pad_Driver.o
 .debug_info    0x0000000000000000      0x2a6 ./HAL/Key_Pad_Driver.o
 .debug_abbrev  0x0000000000000000      0x11c ./HAL/Key_Pad_Driver.o
 .debug_loc     0x0000000000000000       0x7c ./HAL/Key_Pad_Driver.o
 .debug_aranges
                0x0000000000000000       0x28 ./HAL/Key_Pad_Driver.o
 .debug_ranges  0x0000000000000000       0x18 ./HAL/Key_Pad_Driver.o
 .debug_macro   0x0000000000000000      0x15b ./HAL/Key_Pad_Driver.o
 .debug_macro   0x0000000000000000      0xa72 ./HAL/Key_Pad_Driver.o
 .debug_macro   0x0000000000000000       0x18 ./HAL/Key_Pad_Driver.o
 .debug_macro   0x0000000000000000       0x22 ./HAL/Key_Pad_Driver.o
 .debug_macro   0x0000000000000000       0x4c ./HAL/Key_Pad_Driver.o
 .debug_macro   0x0000000000000000       0x94 ./HAL/Key_Pad_Driver.o
 .debug_macro   0x0000000000000000       0x3c ./HAL/Key_Pad_Driver.o
 .debug_macro   0x0000000000000000       0x34 ./HAL/Key_Pad_Driver.o
 .debug_macro   0x0000000000000000       0x16 ./HAL/Key_Pad_Driver.o
 .debug_macro   0x0000000000000000      0x10e ./HAL/Key_Pad_Driver.o
 .debug_macro   0x0000000000000000       0x8d ./HAL/Key_Pad_Driver.o
 .debug_macro   0x0000000000000000       0x16 ./HAL/Key_Pad_Driver.o
 .debug_macro   0x0000000000000000       0x43 ./HAL/Key_Pad_Driver.o
 .debug_macro   0x0000000000000000       0x57 ./HAL/Key_Pad_Driver.o
 .debug_macro   0x0000000000000000       0x34 ./HAL/Key_Pad_Driver.o
 .debug_macro   0x0000000000000000       0x10 ./HAL/Key_Pad_Driver.o
 .debug_macro   0x0000000000000000       0x58 ./HAL/Key_Pad_Driver.o
 .debug_macro   0x0000000000000000       0x71 ./HAL/Key_Pad_Driver.o
 .debug_macro   0x0000000000000000       0x1c ./HAL/Key_Pad_Driver.o
 .debug_macro   0x0000000000000000      0x12a ./HAL/Key_Pad_Driver.o
 .debug_macro   0x0000000000000000      0x341 ./HAL/Key_Pad_Driver.o
 .debug_macro   0x0000000000000000       0x16 ./HAL/Key_Pad_Driver.o
 .debug_macro   0x0000000000000000       0x29 ./HAL/Key_Pad_Driver.o
 .debug_macro   0x0000000000000000      0x103 ./HAL/Key_Pad_Driver.o
 .debug_macro   0x0000000000000000       0x6a ./HAL/Key_Pad_Driver.o
 .debug_macro   0x0000000000000000      0x1df ./HAL/Key_Pad_Driver.o
 .debug_macro   0x0000000000000000      0x1ae ./HAL/Key_Pad_Driver.o
 .debug_macro   0x0000000000000000       0xca ./HAL/Key_Pad_Driver.o
 .debug_macro   0x0000000000000000       0x3a ./HAL/Key_Pad_Driver.o
 .debug_line    0x0000000000000000      0x7a0 ./HAL/Key_Pad_Driver.o
 .debug_str     0x0000000000000000     0x7ac7 ./HAL/Key_Pad_Driver.o
 .comment       0x0000000000000000       0x51 ./HAL/Key_Pad_Driver.o
 .debug_frame   0x0000000000000000       0x50 ./HAL/Key_Pad_Driver.o
 .ARM.attributes
                0x0000000000000000       0x2d ./HAL/Key_Pad_Driver.o
 .group         0x0000000000000000        0xc ./HAL/LCD.o
 .group         0x0000000000000000        0xc ./HAL/LCD.o
 .group         0x0000000000000000        0xc ./HAL/LCD.o
 .group         0x0000000000000000        0xc ./HAL/LCD.o
 .group         0x0000000000000000        0xc ./HAL/LCD.o
 .group         0x0000000000000000        0xc ./HAL/LCD.o
 .group         0x0000000000000000        0xc ./HAL/LCD.o
 .group         0x0000000000000000        0xc ./HAL/LCD.o
 .group         0x0000000000000000        0xc ./HAL/LCD.o
 .group         0x0000000000000000        0xc ./HAL/LCD.o
 .group         0x0000000000000000        0xc ./HAL/LCD.o
 .group         0x0000000000000000        0xc ./HAL/LCD.o
 .group         0x0000000000000000        0xc ./HAL/LCD.o
 .group         0x0000000000000000        0xc ./HAL/LCD.o
 .group         0x0000000000000000        0xc ./HAL/LCD.o
 .group         0x0000000000000000        0xc ./HAL/LCD.o
 .group         0x0000000000000000        0xc ./HAL/LCD.o
 .group         0x0000000000000000        0xc ./HAL/LCD.o
 .group         0x0000000000000000        0xc ./HAL/LCD.o
 .group         0x0000000000000000        0xc ./HAL/LCD.o
 .group         0x0000000000000000        0xc ./HAL/LCD.o
 .group         0x0000000000000000        0xc ./HAL/LCD.o
 .group         0x0000000000000000        0xc ./HAL/LCD.o
 .group         0x0000000000000000        0xc ./HAL/LCD.o
 .group         0x0000000000000000        0xc ./HAL/LCD.o
 .group         0x0000000000000000        0xc ./HAL/LCD.o
 .group         0x0000000000000000        0xc ./HAL/LCD.o
 .group         0x0000000000000000        0xc ./HAL/LCD.o
 .text          0x0000000000000000        0x0 ./HAL/LCD.o
 .data          0x0000000000000000        0x0 ./HAL/LCD.o
 .bss           0x0000000000000000        0x0 ./HAL/LCD.o
 .bss.P_Config  0x0000000000000000        0x4 ./HAL/LCD.o
 .text.IS_LCD_Busy
                0x0000000000000000      0x114 ./HAL/LCD.o
 .text.LCD_Send_Pulse
                0x0000000000000000       0x2c ./HAL/LCD.o
 .text.LCD_Init
                0x0000000000000000      0x1cc ./HAL/LCD.o
 .text.LCD_Send_Command
                0x0000000000000000       0x44 ./HAL/LCD.o
 .text.LCD_Send_A_Character
                0x0000000000000000       0x44 ./HAL/LCD.o
 .text.LCD_Send_A_String
                0x0000000000000000       0x5a ./HAL/LCD.o
 .text.LCD_Goto_XY
                0x0000000000000000       0x56 ./HAL/LCD.o
 .text.LCD_Clear_Screen
                0x0000000000000000        0xe ./HAL/LCD.o
 .debug_info    0x0000000000000000      0x33f ./HAL/LCD.o
 .debug_abbrev  0x0000000000000000      0x12d ./HAL/LCD.o
 .debug_loc     0x0000000000000000      0x1f0 ./HAL/LCD.o
 .debug_aranges
                0x0000000000000000       0x58 ./HAL/LCD.o
 .debug_ranges  0x0000000000000000       0x48 ./HAL/LCD.o
 .debug_macro   0x0000000000000000      0x15b ./HAL/LCD.o
 .debug_macro   0x0000000000000000      0xa72 ./HAL/LCD.o
 .debug_macro   0x0000000000000000       0x18 ./HAL/LCD.o
 .debug_macro   0x0000000000000000       0x22 ./HAL/LCD.o
 .debug_macro   0x0000000000000000       0x4c ./HAL/LCD.o
 .debug_macro   0x0000000000000000       0x94 ./HAL/LCD.o
 .debug_macro   0x0000000000000000       0x3c ./HAL/LCD.o
 .debug_macro   0x0000000000000000       0x34 ./HAL/LCD.o
 .debug_macro   0x0000000000000000       0x16 ./HAL/LCD.o
 .debug_macro   0x0000000000000000      0x10e ./HAL/LCD.o
 .debug_macro   0x0000000000000000       0x8d ./HAL/LCD.o
 .debug_macro   0x0000000000000000       0x16 ./HAL/LCD.o
 .debug_macro   0x0000000000000000       0x43 ./HAL/LCD.o
 .debug_macro   0x0000000000000000       0x57 ./HAL/LCD.o
 .debug_macro   0x0000000000000000       0x34 ./HAL/LCD.o
 .debug_macro   0x0000000000000000       0x10 ./HAL/LCD.o
 .debug_macro   0x0000000000000000       0x58 ./HAL/LCD.o
 .debug_macro   0x0000000000000000       0x71 ./HAL/LCD.o
 .debug_macro   0x0000000000000000       0x1c ./HAL/LCD.o
 .debug_macro   0x0000000000000000      0x12a ./HAL/LCD.o
 .debug_macro   0x0000000000000000      0x341 ./HAL/LCD.o
 .debug_macro   0x0000000000000000       0x16 ./HAL/LCD.o
 .debug_macro   0x0000000000000000       0x29 ./HAL/LCD.o
 .debug_macro   0x0000000000000000      0x103 ./HAL/LCD.o
 .debug_macro   0x0000000000000000       0x6a ./HAL/LCD.o
 .debug_macro   0x0000000000000000      0x1df ./HAL/LCD.o
 .debug_macro   0x0000000000000000      0x1ae ./HAL/LCD.o
 .debug_macro   0x0000000000000000       0xca ./HAL/LCD.o
 .debug_macro   0x0000000000000000       0x94 ./HAL/LCD.o
 .debug_line    0x0000000000000000      0x81e ./HAL/LCD.o
 .debug_str     0x0000000000000000     0x7cf8 ./HAL/LCD.o
 .comment       0x0000000000000000       0x51 ./HAL/LCD.o
 .debug_frame   0x0000000000000000      0x110 ./HAL/LCD.o
 .ARM.attributes
                0x0000000000000000       0x2d ./HAL/LCD.o
 .group         0x0000000000000000        0xc ./STM32F103C6_Drivers/GPIO/STM32F103C6_GPIO_Driver.o
 .group         0x0000000000000000        0xc ./STM32F103C6_Drivers/GPIO/STM32F103C6_GPIO_Driver.o
 .group         0x0000000000000000        0xc ./STM32F103C6_Drivers/GPIO/STM32F103C6_GPIO_Driver.o
 .group         0x0000000000000000        0xc ./STM32F103C6_Drivers/GPIO/STM32F103C6_GPIO_Driver.o
 .group         0x0000000000000000        0xc ./STM32F103C6_Drivers/GPIO/STM32F103C6_GPIO_Driver.o
 .group         0x0000000000000000        0xc ./STM32F103C6_Drivers/GPIO/STM32F103C6_GPIO_Driver.o
 .group         0x0000000000000000        0xc ./STM32F103C6_Drivers/GPIO/STM32F103C6_GPIO_Driver.o
 .group         0x0000000000000000        0xc ./STM32F103C6_Drivers/GPIO/STM32F103C6_GPIO_Driver.o
 .group         0x0000000000000000        0xc ./STM32F103C6_Drivers/GPIO/STM32F103C6_GPIO_Driver.o
 .group         0x0000000000000000        0xc ./STM32F103C6_Drivers/GPIO/STM32F103C6_GPIO_Driver.o
 .group         0x0000000000000000        0xc ./STM32F103C6_Drivers/GPIO/STM32F103C6_GPIO_Driver.o
 .group         0x0000000000000000        0xc ./STM32F103C6_Drivers/GPIO/STM32F103C6_GPIO_Driver.o
 .group         0x0000000000000000        0xc ./STM32F103C6_Drivers/GPIO/STM32F103C6_GPIO_Driver.o
 .group         0x0000000000000000        0xc ./STM32F103C6_Drivers/GPIO/STM32F103C6_GPIO_Driver.o
 .group         0x0000000000000000        0xc ./STM32F103C6_Drivers/GPIO/STM32F103C6_GPIO_Driver.o
 .group         0x0000000000000000        0xc ./STM32F103C6_Drivers/GPIO/STM32F103C6_GPIO_Driver.o
 .group         0x0000000000000000        0xc ./STM32F103C6_Drivers/GPIO/STM32F103C6_GPIO_Driver.o
 .group         0x0000000000000000        0xc ./STM32F103C6_Drivers/GPIO/STM32F103C6_GPIO_Driver.o
 .group         0x0000000000000000        0xc ./STM32F103C6_Drivers/GPIO/STM32F103C6_GPIO_Driver.o
 .group         0x0000000000000000        0xc ./STM32F103C6_Drivers/GPIO/STM32F103C6_GPIO_Driver.o
 .group         0x0000000000000000        0xc ./STM32F103C6_Drivers/GPIO/STM32F103C6_GPIO_Driver.o
 .group         0x0000000000000000        0xc ./STM32F103C6_Drivers/GPIO/STM32F103C6_GPIO_Driver.o
 .group         0x0000000000000000        0xc ./STM32F103C6_Drivers/GPIO/STM32F103C6_GPIO_Driver.o
 .group         0x0000000000000000        0xc ./STM32F103C6_Drivers/GPIO/STM32F103C6_GPIO_Driver.o
 .group         0x0000000000000000        0xc ./STM32F103C6_Drivers/GPIO/STM32F103C6_GPIO_Driver.o
 .group         0x0000000000000000        0xc ./STM32F103C6_Drivers/GPIO/STM32F103C6_GPIO_Driver.o
 .group         0x0000000000000000        0xc ./STM32F103C6_Drivers/GPIO/STM32F103C6_GPIO_Driver.o
 .text          0x0000000000000000        0x0 ./STM32F103C6_Drivers/GPIO/STM32F103C6_GPIO_Driver.o
 .data          0x0000000000000000        0x0 ./STM32F103C6_Drivers/GPIO/STM32F103C6_GPIO_Driver.o
 .bss           0x0000000000000000        0x0 ./STM32F103C6_Drivers/GPIO/STM32F103C6_GPIO_Driver.o
 .text.MCAL_GPIO_Reset
                0x0000000000000000       0xf0 ./STM32F103C6_Drivers/GPIO/STM32F103C6_GPIO_Driver.o
 .text.MCAL_GPIO_ReadPin
                0x0000000000000000       0x2e ./STM32F103C6_Drivers/GPIO/STM32F103C6_GPIO_Driver.o
 .text.MCAL_GPIO_ReadPORT
                0x0000000000000000       0x1a ./STM32F103C6_Drivers/GPIO/STM32F103C6_GPIO_Driver.o
 .text.MCAL_GPIO_WritePin
                0x0000000000000000       0x2e ./STM32F103C6_Drivers/GPIO/STM32F103C6_GPIO_Driver.o
 .text.MCAL_GPIO_WritePort
                0x0000000000000000       0x1c ./STM32F103C6_Drivers/GPIO/STM32F103C6_GPIO_Driver.o
 .text.MCAL_GPIO_TogglePin
                0x0000000000000000       0x22 ./STM32F103C6_Drivers/GPIO/STM32F103C6_GPIO_Driver.o
 .text.MCAL_GPIO_LOCKPin
                0x0000000000000000       0x5c ./STM32F103C6_Drivers/GPIO/STM32F103C6_GPIO_Driver.o
 .debug_macro   0x0000000000000000      0xa72 ./STM32F103C6_Drivers/GPIO/STM32F103C6_GPIO_Driver.o
 .debug_macro   0x0000000000000000       0x18 ./STM32F103C6_Drivers/GPIO/STM32F103C6_GPIO_Driver.o
 .debug_macro   0x0000000000000000       0x22 ./STM32F103C6_Drivers/GPIO/STM32F103C6_GPIO_Driver.o
 .debug_macro   0x0000000000000000       0x4c ./STM32F103C6_Drivers/GPIO/STM32F103C6_GPIO_Driver.o
 .debug_macro   0x0000000000000000       0x94 ./STM32F103C6_Drivers/GPIO/STM32F103C6_GPIO_Driver.o
 .debug_macro   0x0000000000000000       0x3c ./STM32F103C6_Drivers/GPIO/STM32F103C6_GPIO_Driver.o
 .debug_macro   0x0000000000000000       0x34 ./STM32F103C6_Drivers/GPIO/STM32F103C6_GPIO_Driver.o
 .debug_macro   0x0000000000000000       0x16 ./STM32F103C6_Drivers/GPIO/STM32F103C6_GPIO_Driver.o
 .debug_macro   0x0000000000000000      0x10e ./STM32F103C6_Drivers/GPIO/STM32F103C6_GPIO_Driver.o
 .debug_macro   0x0000000000000000       0x8d ./STM32F103C6_Drivers/GPIO/STM32F103C6_GPIO_Driver.o
 .debug_macro   0x0000000000000000       0x16 ./STM32F103C6_Drivers/GPIO/STM32F103C6_GPIO_Driver.o
 .debug_macro   0x0000000000000000       0x43 ./STM32F103C6_Drivers/GPIO/STM32F103C6_GPIO_Driver.o
 .debug_macro   0x0000000000000000       0x57 ./STM32F103C6_Drivers/GPIO/STM32F103C6_GPIO_Driver.o
 .debug_macro   0x0000000000000000       0x34 ./STM32F103C6_Drivers/GPIO/STM32F103C6_GPIO_Driver.o
 .debug_macro   0x0000000000000000       0x10 ./STM32F103C6_Drivers/GPIO/STM32F103C6_GPIO_Driver.o
 .debug_macro   0x0000000000000000       0x58 ./STM32F103C6_Drivers/GPIO/STM32F103C6_GPIO_Driver.o
 .debug_macro   0x0000000000000000       0x71 ./STM32F103C6_Drivers/GPIO/STM32F103C6_GPIO_Driver.o
 .debug_macro   0x0000000000000000       0x1c ./STM32F103C6_Drivers/GPIO/STM32F103C6_GPIO_Driver.o
 .debug_macro   0x0000000000000000      0x12a ./STM32F103C6_Drivers/GPIO/STM32F103C6_GPIO_Driver.o
 .debug_macro   0x0000000000000000      0x341 ./STM32F103C6_Drivers/GPIO/STM32F103C6_GPIO_Driver.o
 .debug_macro   0x0000000000000000       0x16 ./STM32F103C6_Drivers/GPIO/STM32F103C6_GPIO_Driver.o
 .debug_macro   0x0000000000000000       0x29 ./STM32F103C6_Drivers/GPIO/STM32F103C6_GPIO_Driver.o
 .debug_macro   0x0000000000000000      0x103 ./STM32F103C6_Drivers/GPIO/STM32F103C6_GPIO_Driver.o
 .debug_macro   0x0000000000000000       0x6a ./STM32F103C6_Drivers/GPIO/STM32F103C6_GPIO_Driver.o
 .debug_macro   0x0000000000000000      0x1df ./STM32F103C6_Drivers/GPIO/STM32F103C6_GPIO_Driver.o
 .debug_macro   0x0000000000000000      0x1ae ./STM32F103C6_Drivers/GPIO/STM32F103C6_GPIO_Driver.o
 .debug_macro   0x0000000000000000       0xca ./STM32F103C6_Drivers/GPIO/STM32F103C6_GPIO_Driver.o
 .group         0x0000000000000000        0xc ./STM32F103C6_Drivers/STM32F103C6_EXTI_Driver.o
 .group         0x0000000000000000        0xc ./STM32F103C6_Drivers/STM32F103C6_EXTI_Driver.o
 .group         0x0000000000000000        0xc ./STM32F103C6_Drivers/STM32F103C6_EXTI_Driver.o
 .group         0x0000000000000000        0xc ./STM32F103C6_Drivers/STM32F103C6_EXTI_Driver.o
 .group         0x0000000000000000        0xc ./STM32F103C6_Drivers/STM32F103C6_EXTI_Driver.o
 .group         0x0000000000000000        0xc ./STM32F103C6_Drivers/STM32F103C6_EXTI_Driver.o
 .group         0x0000000000000000        0xc ./STM32F103C6_Drivers/STM32F103C6_EXTI_Driver.o
 .group         0x0000000000000000        0xc ./STM32F103C6_Drivers/STM32F103C6_EXTI_Driver.o
 .group         0x0000000000000000        0xc ./STM32F103C6_Drivers/STM32F103C6_EXTI_Driver.o
 .group         0x0000000000000000        0xc ./STM32F103C6_Drivers/STM32F103C6_EXTI_Driver.o
 .group         0x0000000000000000        0xc ./STM32F103C6_Drivers/STM32F103C6_EXTI_Driver.o
 .group         0x0000000000000000        0xc ./STM32F103C6_Drivers/STM32F103C6_EXTI_Driver.o
 .group         0x0000000000000000        0xc ./STM32F103C6_Drivers/STM32F103C6_EXTI_Driver.o
 .group         0x0000000000000000        0xc ./STM32F103C6_Drivers/STM32F103C6_EXTI_Driver.o
 .group         0x0000000000000000        0xc ./STM32F103C6_Drivers/STM32F103C6_EXTI_Driver.o
 .group         0x0000000000000000        0xc ./STM32F103C6_Drivers/STM32F103C6_EXTI_Driver.o
 .group         0x0000000000000000        0xc ./STM32F103C6_Drivers/STM32F103C6_EXTI_Driver.o
 .group         0x0000000000000000        0xc ./STM32F103C6_Drivers/STM32F103C6_EXTI_Driver.o
 .group         0x0000000000000000        0xc ./STM32F103C6_Drivers/STM32F103C6_EXTI_Driver.o
 .group         0x0000000000000000        0xc ./STM32F103C6_Drivers/STM32F103C6_EXTI_Driver.o
 .group         0x0000000000000000        0xc ./STM32F103C6_Drivers/STM32F103C6_EXTI_Driver.o
 .group         0x0000000000000000        0xc ./STM32F103C6_Drivers/STM32F103C6_EXTI_Driver.o
 .group         0x0000000000000000        0xc ./STM32F103C6_Drivers/STM32F103C6_EXTI_Driver.o
 .group         0x0000000000000000        0xc ./STM32F103C6_Drivers/STM32F103C6_EXTI_Driver.o
 .group         0x0000000000000000        0xc ./STM32F103C6_Drivers/STM32F103C6_EXTI_Driver.o
 .group         0x0000000000000000        0xc ./STM32F103C6_Drivers/STM32F103C6_EXTI_Driver.o
 .group         0x0000000000000000        0xc ./STM32F103C6_Drivers/STM32F103C6_EXTI_Driver.o
 .group         0x0000000000000000        0xc ./STM32F103C6_Drivers/STM32F103C6_EXTI_Driver.o
 .text          0x0000000000000000        0x0 ./STM32F103C6_Drivers/STM32F103C6_EXTI_Driver.o
 .data          0x0000000000000000        0x0 ./STM32F103C6_Drivers/STM32F103C6_EXTI_Driver.o
 .bss           0x0000000000000000        0x0 ./STM32F103C6_Drivers/STM32F103C6_EXTI_Driver.o
 .text.MCAL_EXTI_GPIO_Update
                0x0000000000000000       0x16 ./STM32F103C6_Drivers/STM32F103C6_EXTI_Driver.o
 .text.MCAL_EXTI_GPIO_Reset
                0x0000000000000000       0xa0 ./STM32F103C6_Drivers/STM32F103C6_EXTI_Driver.o
 .debug_macro   0x0000000000000000      0xa72 ./STM32F103C6_Drivers/STM32F103C6_EXTI_Driver.o
 .debug_macro   0x0000000000000000       0x18 ./STM32F103C6_Drivers/STM32F103C6_EXTI_Driver.o
 .debug_macro   0x0000000000000000       0x22 ./STM32F103C6_Drivers/STM32F103C6_EXTI_Driver.o
 .debug_macro   0x0000000000000000       0x4c ./STM32F103C6_Drivers/STM32F103C6_EXTI_Driver.o
 .debug_macro   0x0000000000000000       0x94 ./STM32F103C6_Drivers/STM32F103C6_EXTI_Driver.o
 .debug_macro   0x0000000000000000       0x3c ./STM32F103C6_Drivers/STM32F103C6_EXTI_Driver.o
 .debug_macro   0x0000000000000000       0x34 ./STM32F103C6_Drivers/STM32F103C6_EXTI_Driver.o
 .debug_macro   0x0000000000000000       0x16 ./STM32F103C6_Drivers/STM32F103C6_EXTI_Driver.o
 .debug_macro   0x0000000000000000      0x10e ./STM32F103C6_Drivers/STM32F103C6_EXTI_Driver.o
 .debug_macro   0x0000000000000000       0x8d ./STM32F103C6_Drivers/STM32F103C6_EXTI_Driver.o
 .debug_macro   0x0000000000000000       0x16 ./STM32F103C6_Drivers/STM32F103C6_EXTI_Driver.o
 .debug_macro   0x0000000000000000       0x43 ./STM32F103C6_Drivers/STM32F103C6_EXTI_Driver.o
 .debug_macro   0x0000000000000000       0x57 ./STM32F103C6_Drivers/STM32F103C6_EXTI_Driver.o
 .debug_macro   0x0000000000000000       0x34 ./STM32F103C6_Drivers/STM32F103C6_EXTI_Driver.o
 .debug_macro   0x0000000000000000       0x10 ./STM32F103C6_Drivers/STM32F103C6_EXTI_Driver.o
 .debug_macro   0x0000000000000000       0x58 ./STM32F103C6_Drivers/STM32F103C6_EXTI_Driver.o
 .debug_macro   0x0000000000000000       0x71 ./STM32F103C6_Drivers/STM32F103C6_EXTI_Driver.o
 .debug_macro   0x0000000000000000       0x1c ./STM32F103C6_Drivers/STM32F103C6_EXTI_Driver.o
 .debug_macro   0x0000000000000000      0x12a ./STM32F103C6_Drivers/STM32F103C6_EXTI_Driver.o
 .debug_macro   0x0000000000000000      0x341 ./STM32F103C6_Drivers/STM32F103C6_EXTI_Driver.o
 .debug_macro   0x0000000000000000       0x16 ./STM32F103C6_Drivers/STM32F103C6_EXTI_Driver.o
 .debug_macro   0x0000000000000000       0x29 ./STM32F103C6_Drivers/STM32F103C6_EXTI_Driver.o
 .debug_macro   0x0000000000000000      0x103 ./STM32F103C6_Drivers/STM32F103C6_EXTI_Driver.o
 .debug_macro   0x0000000000000000       0x6a ./STM32F103C6_Drivers/STM32F103C6_EXTI_Driver.o
 .debug_macro   0x0000000000000000      0x1df ./STM32F103C6_Drivers/STM32F103C6_EXTI_Driver.o
 .debug_macro   0x0000000000000000      0x1ae ./STM32F103C6_Drivers/STM32F103C6_EXTI_Driver.o
 .debug_macro   0x0000000000000000       0xca ./STM32F103C6_Drivers/STM32F103C6_EXTI_Driver.o
 .group         0x0000000000000000        0xc ./Src/main.o
 .group         0x0000000000000000        0xc ./Src/main.o
 .group         0x0000000000000000        0xc ./Src/main.o
 .group         0x0000000000000000        0xc ./Src/main.o
 .group         0x0000000000000000        0xc ./Src/main.o
 .group         0x0000000000000000        0xc ./Src/main.o
 .group         0x0000000000000000        0xc ./Src/main.o
 .group         0x0000000000000000        0xc ./Src/main.o
 .group         0x0000000000000000        0xc ./Src/main.o
 .group         0x0000000000000000        0xc ./Src/main.o
 .group         0x0000000000000000        0xc ./Src/main.o
 .group         0x0000000000000000        0xc ./Src/main.o
 .group         0x0000000000000000        0xc ./Src/main.o
 .group         0x0000000000000000        0xc ./Src/main.o
 .group         0x0000000000000000        0xc ./Src/main.o
 .group         0x0000000000000000        0xc ./Src/main.o
 .group         0x0000000000000000        0xc ./Src/main.o
 .group         0x0000000000000000        0xc ./Src/main.o
 .group         0x0000000000000000        0xc ./Src/main.o
 .group         0x0000000000000000        0xc ./Src/main.o
 .group         0x0000000000000000        0xc ./Src/main.o
 .group         0x0000000000000000        0xc ./Src/main.o
 .group         0x0000000000000000        0xc ./Src/main.o
 .group         0x0000000000000000        0xc ./Src/main.o
 .group         0x0000000000000000        0xc ./Src/main.o
 .group         0x0000000000000000        0xc ./Src/main.o
 .group         0x0000000000000000        0xc ./Src/main.o
 .group         0x0000000000000000        0xc ./Src/main.o
 .text          0x0000000000000000        0x0 ./Src/main.o
 .data          0x0000000000000000        0x0 ./Src/main.o
 .bss           0x0000000000000000        0x0 ./Src/main.o
 .text.wait_ms  0x0000000000000000       0x3a ./Src/main.o
 .debug_macro   0x0000000000000000      0xa72 ./Src/main.o
 .debug_macro   0x0000000000000000       0x18 ./Src/main.o
 .debug_macro   0x0000000000000000       0x22 ./Src/main.o
 .debug_macro   0x0000000000000000       0x4c ./Src/main.o
 .debug_macro   0x0000000000000000       0x94 ./Src/main.o
 .debug_macro   0x0000000000000000       0x3c ./Src/main.o
 .debug_macro   0x0000000000000000       0x34 ./Src/main.o
 .debug_macro   0x0000000000000000       0x16 ./Src/main.o
 .debug_macro   0x0000000000000000      0x10e ./Src/main.o
 .debug_macro   0x0000000000000000       0x8d ./Src/main.o
 .debug_macro   0x0000000000000000       0x16 ./Src/main.o
 .debug_macro   0x0000000000000000       0x43 ./Src/main.o
 .debug_macro   0x0000000000000000       0x57 ./Src/main.o
 .debug_macro   0x0000000000000000       0x34 ./Src/main.o
 .debug_macro   0x0000000000000000       0x10 ./Src/main.o
 .debug_macro   0x0000000000000000       0x58 ./Src/main.o
 .debug_macro   0x0000000000000000       0x71 ./Src/main.o
 .debug_macro   0x0000000000000000       0x1c ./Src/main.o
 .debug_macro   0x0000000000000000      0x12a ./Src/main.o
 .debug_macro   0x0000000000000000      0x341 ./Src/main.o
 .debug_macro   0x0000000000000000       0x16 ./Src/main.o
 .debug_macro   0x0000000000000000       0x29 ./Src/main.o
 .debug_macro   0x0000000000000000      0x103 ./Src/main.o
 .debug_macro   0x0000000000000000       0x6a ./Src/main.o
 .debug_macro   0x0000000000000000      0x1df ./Src/main.o
 .debug_macro   0x0000000000000000      0x1ae ./Src/main.o
 .debug_macro   0x0000000000000000       0xca ./Src/main.o
 .debug_macro   0x0000000000000000      0x220 ./Src/main.o
 .group         0x0000000000000000        0xc ./Src/syscalls.o
 .group         0x0000000000000000        0xc ./Src/syscalls.o
 .group         0x0000000000000000        0xc ./Src/syscalls.o
 .group         0x0000000000000000        0xc ./Src/syscalls.o
 .group         0x0000000000000000        0xc ./Src/syscalls.o
 .group         0x0000000000000000        0xc ./Src/syscalls.o
 .group         0x0000000000000000        0xc ./Src/syscalls.o
 .group         0x0000000000000000        0xc ./Src/syscalls.o
 .group         0x0000000000000000        0xc ./Src/syscalls.o
 .group         0x0000000000000000        0xc ./Src/syscalls.o
 .group         0x0000000000000000        0xc ./Src/syscalls.o
 .group         0x0000000000000000        0xc ./Src/syscalls.o
 .group         0x0000000000000000        0xc ./Src/syscalls.o
 .group         0x0000000000000000        0xc ./Src/syscalls.o
 .group         0x0000000000000000        0xc ./Src/syscalls.o
 .group         0x0000000000000000        0xc ./Src/syscalls.o
 .group         0x0000000000000000        0xc ./Src/syscalls.o
 .group         0x0000000000000000        0xc ./Src/syscalls.o
 .group         0x0000000000000000        0xc ./Src/syscalls.o
 .group         0x0000000000000000        0xc ./Src/syscalls.o
 .group         0x0000000000000000        0xc ./Src/syscalls.o
 .group         0x0000000000000000        0xc ./Src/syscalls.o
 .group         0x0000000000000000        0xc ./Src/syscalls.o
 .group         0x0000000000000000        0xc ./Src/syscalls.o
 .group         0x0000000000000000        0xc ./Src/syscalls.o
 .group         0x0000000000000000        0xc ./Src/syscalls.o
 .group         0x0000000000000000        0xc ./Src/syscalls.o
 .group         0x0000000000000000        0xc ./Src/syscalls.o
 .group         0x0000000000000000        0xc ./Src/syscalls.o
 .group         0x0000000000000000        0xc ./Src/syscalls.o
 .group         0x0000000000000000        0xc ./Src/syscalls.o
 .group         0x0000000000000000        0xc ./Src/syscalls.o
 .group         0x0000000000000000        0xc ./Src/syscalls.o
 .group         0x0000000000000000        0xc ./Src/syscalls.o
 .group         0x0000000000000000        0xc ./Src/syscalls.o
 .group         0x0000000000000000        0xc ./Src/syscalls.o
 .group         0x0000000000000000        0xc ./Src/syscalls.o
 .group         0x0000000000000000        0xc ./Src/syscalls.o
 .group         0x0000000000000000        0xc ./Src/syscalls.o
 .group         0x0000000000000000        0xc ./Src/syscalls.o
 .group         0x0000000000000000        0xc ./Src/syscalls.o
 .group         0x0000000000000000        0xc ./Src/syscalls.o
 .group         0x0000000000000000        0xc ./Src/syscalls.o
 .group         0x0000000000000000        0xc ./Src/syscalls.o
 .group         0x0000000000000000        0xc ./Src/syscalls.o
 .group         0x0000000000000000        0xc ./Src/syscalls.o
 .group         0x0000000000000000        0xc ./Src/syscalls.o
 .text          0x0000000000000000        0x0 ./Src/syscalls.o
 .data          0x0000000000000000        0x0 ./Src/syscalls.o
 .bss           0x0000000000000000        0x0 ./Src/syscalls.o
 .bss.__env     0x0000000000000000        0x4 ./Src/syscalls.o
 .data.environ  0x0000000000000000        0x4 ./Src/syscalls.o
 .text.initialise_monitor_handles
                0x0000000000000000        0xc ./Src/syscalls.o
 .text._getpid  0x0000000000000000        0xe ./Src/syscalls.o
 .text._kill    0x0000000000000000       0x20 ./Src/syscalls.o
 .text._exit    0x0000000000000000       0x14 ./Src/syscalls.o
 .text._read    0x0000000000000000       0x3a ./Src/syscalls.o
 .text._write   0x0000000000000000       0x38 ./Src/syscalls.o
 .text._close   0x0000000000000000       0x16 ./Src/syscalls.o
 .text._fstat   0x0000000000000000       0x1e ./Src/syscalls.o
 .text._isatty  0x0000000000000000       0x14 ./Src/syscalls.o
 .text._lseek   0x0000000000000000       0x18 ./Src/syscalls.o
 .text._open    0x0000000000000000       0x1a ./Src/syscalls.o
 .text._wait    0x0000000000000000       0x1e ./Src/syscalls.o
 .text._unlink  0x0000000000000000       0x1e ./Src/syscalls.o
 .text._times   0x0000000000000000       0x16 ./Src/syscalls.o
 .text._stat    0x0000000000000000       0x1e ./Src/syscalls.o
 .text._link    0x0000000000000000       0x20 ./Src/syscalls.o
 .text._fork    0x0000000000000000       0x16 ./Src/syscalls.o
 .text._execve  0x0000000000000000       0x22 ./Src/syscalls.o
 .debug_info    0x0000000000000000      0x77e ./Src/syscalls.o
 .debug_abbrev  0x0000000000000000      0x1c6 ./Src/syscalls.o
 .debug_loc     0x0000000000000000      0x5b8 ./Src/syscalls.o
 .debug_aranges
                0x0000000000000000       0xa8 ./Src/syscalls.o
 .debug_ranges  0x0000000000000000       0x98 ./Src/syscalls.o
 .debug_macro   0x0000000000000000      0x24c ./Src/syscalls.o
 .debug_macro   0x0000000000000000      0xa72 ./Src/syscalls.o
 .debug_macro   0x0000000000000000       0x22 ./Src/syscalls.o
 .debug_macro   0x0000000000000000       0x4c ./Src/syscalls.o
 .debug_macro   0x0000000000000000       0x18 ./Src/syscalls.o
 .debug_macro   0x0000000000000000       0x94 ./Src/syscalls.o
 .debug_macro   0x0000000000000000       0x3c ./Src/syscalls.o
 .debug_macro   0x0000000000000000       0x34 ./Src/syscalls.o
 .debug_macro   0x0000000000000000       0x57 ./Src/syscalls.o
 .debug_macro   0x0000000000000000      0x174 ./Src/syscalls.o
 .debug_macro   0x0000000000000000      0x341 ./Src/syscalls.o
 .debug_macro   0x0000000000000000       0x16 ./Src/syscalls.o
 .debug_macro   0x0000000000000000       0x43 ./Src/syscalls.o
 .debug_macro   0x0000000000000000       0x34 ./Src/syscalls.o
 .debug_macro   0x0000000000000000       0x10 ./Src/syscalls.o
 .debug_macro   0x0000000000000000       0x58 ./Src/syscalls.o
 .debug_macro   0x0000000000000000       0x71 ./Src/syscalls.o
 .debug_macro   0x0000000000000000       0x1c ./Src/syscalls.o
 .debug_macro   0x0000000000000000      0x12a ./Src/syscalls.o
 .debug_macro   0x0000000000000000       0x10 ./Src/syscalls.o
 .debug_macro   0x0000000000000000       0x35 ./Src/syscalls.o
 .debug_macro   0x0000000000000000       0x10 ./Src/syscalls.o
 .debug_macro   0x0000000000000000       0x10 ./Src/syscalls.o
 .debug_macro   0x0000000000000000       0x10 ./Src/syscalls.o
 .debug_macro   0x0000000000000000       0x6a ./Src/syscalls.o
 .debug_macro   0x0000000000000000       0x1c ./Src/syscalls.o
 .debug_macro   0x0000000000000000       0x52 ./Src/syscalls.o
 .debug_macro   0x0000000000000000       0x22 ./Src/syscalls.o
 .debug_macro   0x0000000000000000       0x10 ./Src/syscalls.o
 .debug_macro   0x0000000000000000       0x52 ./Src/syscalls.o
 .debug_macro   0x0000000000000000       0xd5 ./Src/syscalls.o
 .debug_macro   0x0000000000000000       0x1c ./Src/syscalls.o
 .debug_macro   0x0000000000000000       0x3d ./Src/syscalls.o
 .debug_macro   0x0000000000000000       0x35 ./Src/syscalls.o
 .debug_macro   0x0000000000000000      0x12c ./Src/syscalls.o
 .debug_macro   0x0000000000000000       0x16 ./Src/syscalls.o
 .debug_macro   0x0000000000000000       0x16 ./Src/syscalls.o
 .debug_macro   0x0000000000000000       0x29 ./Src/syscalls.o
 .debug_macro   0x0000000000000000       0x10 ./Src/syscalls.o
 .debug_macro   0x0000000000000000      0x241 ./Src/syscalls.o
 .debug_macro   0x0000000000000000       0x1c ./Src/syscalls.o
 .debug_macro   0x0000000000000000       0x10 ./Src/syscalls.o
 .debug_macro   0x0000000000000000       0x10 ./Src/syscalls.o
 .debug_macro   0x0000000000000000       0x16 ./Src/syscalls.o
 .debug_macro   0x0000000000000000      0x145 ./Src/syscalls.o
 .debug_macro   0x0000000000000000      0x189 ./Src/syscalls.o
 .debug_macro   0x0000000000000000       0x16 ./Src/syscalls.o
 .debug_macro   0x0000000000000000       0xce ./Src/syscalls.o
 .debug_line    0x0000000000000000      0x82b ./Src/syscalls.o
 .debug_str     0x0000000000000000     0x8a3c ./Src/syscalls.o
 .comment       0x0000000000000000       0x51 ./Src/syscalls.o
 .debug_frame   0x0000000000000000      0x2ac ./Src/syscalls.o
 .ARM.attributes
                0x0000000000000000       0x2d ./Src/syscalls.o
 .group         0x0000000000000000        0xc ./Src/sysmem.o
 .group         0x0000000000000000        0xc ./Src/sysmem.o
 .group         0x0000000000000000        0xc ./Src/sysmem.o
 .group         0x0000000000000000        0xc ./Src/sysmem.o
 .group         0x0000000000000000        0xc ./Src/sysmem.o
 .group         0x0000000000000000        0xc ./Src/sysmem.o
 .group         0x0000000000000000        0xc ./Src/sysmem.o
 .group         0x0000000000000000        0xc ./Src/sysmem.o
 .group         0x0000000000000000        0xc ./Src/sysmem.o
 .group         0x0000000000000000        0xc ./Src/sysmem.o
 .group         0x0000000000000000        0xc ./Src/sysmem.o
 .group         0x0000000000000000        0xc ./Src/sysmem.o
 .group         0x0000000000000000        0xc ./Src/sysmem.o
 .group         0x0000000000000000        0xc ./Src/sysmem.o
 .group         0x0000000000000000        0xc ./Src/sysmem.o
 .group         0x0000000000000000        0xc ./Src/sysmem.o
 .group         0x0000000000000000        0xc ./Src/sysmem.o
 .group         0x0000000000000000        0xc ./Src/sysmem.o
 .group         0x0000000000000000        0xc ./Src/sysmem.o
 .group         0x0000000000000000        0xc ./Src/sysmem.o
 .group         0x0000000000000000        0xc ./Src/sysmem.o
 .group         0x0000000000000000        0xc ./Src/sysmem.o
 .text          0x0000000000000000        0x0 ./Src/sysmem.o
 .data          0x0000000000000000        0x0 ./Src/sysmem.o
 .bss           0x0000000000000000        0x0 ./Src/sysmem.o
 .bss.__sbrk_heap_end
                0x0000000000000000        0x4 ./Src/sysmem.o
 .text._sbrk    0x0000000000000000       0x6c ./Src/sysmem.o
 .debug_info    0x0000000000000000      0x183 ./Src/sysmem.o
 .debug_abbrev  0x0000000000000000       0xbd ./Src/sysmem.o
 .debug_loc     0x0000000000000000       0x50 ./Src/sysmem.o
 .debug_aranges
                0x0000000000000000       0x20 ./Src/sysmem.o
 .debug_ranges  0x0000000000000000       0x10 ./Src/sysmem.o
 .debug_macro   0x0000000000000000       0xff ./Src/sysmem.o
 .debug_macro   0x0000000000000000      0xa72 ./Src/sysmem.o
 .debug_macro   0x0000000000000000       0x10 ./Src/sysmem.o
 .debug_macro   0x0000000000000000       0x22 ./Src/sysmem.o
 .debug_macro   0x0000000000000000       0x4c ./Src/sysmem.o
 .debug_macro   0x0000000000000000       0x18 ./Src/sysmem.o
 .debug_macro   0x0000000000000000       0x94 ./Src/sysmem.o
 .debug_macro   0x0000000000000000       0x3c ./Src/sysmem.o
 .debug_macro   0x0000000000000000       0x34 ./Src/sysmem.o
 .debug_macro   0x0000000000000000      0x174 ./Src/sysmem.o
 .debug_macro   0x0000000000000000       0x16 ./Src/sysmem.o
 .debug_macro   0x0000000000000000       0x43 ./Src/sysmem.o
 .debug_macro   0x0000000000000000       0x57 ./Src/sysmem.o
 .debug_macro   0x0000000000000000       0x34 ./Src/sysmem.o
 .debug_macro   0x0000000000000000       0x10 ./Src/sysmem.o
 .debug_macro   0x0000000000000000       0x58 ./Src/sysmem.o
 .debug_macro   0x0000000000000000       0x71 ./Src/sysmem.o
 .debug_macro   0x0000000000000000       0x1c ./Src/sysmem.o
 .debug_macro   0x0000000000000000      0x12a ./Src/sysmem.o
 .debug_macro   0x0000000000000000      0x23b ./Src/sysmem.o
 .debug_macro   0x0000000000000000      0x103 ./Src/sysmem.o
 .debug_macro   0x0000000000000000       0x6a ./Src/sysmem.o
 .debug_macro   0x0000000000000000      0x1df ./Src/sysmem.o
 .debug_line    0x0000000000000000      0x521 ./Src/sysmem.o
 .debug_str     0x0000000000000000     0x5d6e ./Src/sysmem.o
 .comment       0x0000000000000000       0x51 ./Src/sysmem.o
 .debug_frame   0x0000000000000000       0x34 ./Src/sysmem.o
 .ARM.attributes
                0x0000000000000000       0x2d ./Src/sysmem.o
 .text          0x0000000000000000       0x14 ./Startup/startup_stm32f103c6tx.o
 .data          0x0000000000000000        0x0 ./Startup/startup_stm32f103c6tx.o
 .bss           0x0000000000000000        0x0 ./Startup/startup_stm32f103c6tx.o
 .text          0x0000000000000000        0x0 e:/stm32_latest/stm32cubeide_1.11.2/stm32cubeide/plugins/com.st.stm32cube.ide.mcu.externaltools.gnu-tools-for-stm32.10.3-2021.10.win32_1.0.100.202210260954/tools/bin/../lib/gcc/arm-none-eabi/10.3.1/../../../../arm-none-eabi/lib/thumb/v7-m/nofp\libc_nano.a(lib_a-errno.o)
 .data          0x0000000000000000        0x0 e:/stm32_latest/stm32cubeide_1.11.2/stm32cubeide/plugins/com.st.stm32cube.ide.mcu.externaltools.gnu-tools-for-stm32.10.3-2021.10.win32_1.0.100.202210260954/tools/bin/../lib/gcc/arm-none-eabi/10.3.1/../../../../arm-none-eabi/lib/thumb/v7-m/nofp\libc_nano.a(lib_a-errno.o)
 .bss           0x0000000000000000        0x0 e:/stm32_latest/stm32cubeide_1.11.2/stm32cubeide/plugins/com.st.stm32cube.ide.mcu.externaltools.gnu-tools-for-stm32.10.3-2021.10.win32_1.0.100.202210260954/tools/bin/../lib/gcc/arm-none-eabi/10.3.1/../../../../arm-none-eabi/lib/thumb/v7-m/nofp\libc_nano.a(lib_a-errno.o)
 .text.__errno  0x0000000000000000        0xc e:/stm32_latest/stm32cubeide_1.11.2/stm32cubeide/plugins/com.st.stm32cube.ide.mcu.externaltools.gnu-tools-for-stm32.10.3-2021.10.win32_1.0.100.202210260954/tools/bin/../lib/gcc/arm-none-eabi/10.3.1/../../../../arm-none-eabi/lib/thumb/v7-m/nofp\libc_nano.a(lib_a-errno.o)
 .debug_frame   0x0000000000000000       0x20 e:/stm32_latest/stm32cubeide_1.11.2/stm32cubeide/plugins/com.st.stm32cube.ide.mcu.externaltools.gnu-tools-for-stm32.10.3-2021.10.win32_1.0.100.202210260954/tools/bin/../lib/gcc/arm-none-eabi/10.3.1/../../../../arm-none-eabi/lib/thumb/v7-m/nofp\libc_nano.a(lib_a-errno.o)
 .ARM.attributes
                0x0000000000000000       0x2d e:/stm32_latest/stm32cubeide_1.11.2/stm32cubeide/plugins/com.st.stm32cube.ide.mcu.externaltools.gnu-tools-for-stm32.10.3-2021.10.win32_1.0.100.202210260954/tools/bin/../lib/gcc/arm-none-eabi/10.3.1/../../../../arm-none-eabi/lib/thumb/v7-m/nofp\libc_nano.a(lib_a-errno.o)
 .text          0x0000000000000000        0x0 e:/stm32_latest/stm32cubeide_1.11.2/stm32cubeide/plugins/com.st.stm32cube.ide.mcu.externaltools.gnu-tools-for-stm32.10.3-2021.10.win32_1.0.100.202210260954/tools/bin/../lib/gcc/arm-none-eabi/10.3.1/../../../../arm-none-eabi/lib/thumb/v7-m/nofp\libc_nano.a(lib_a-exit.o)
 .data          0x0000000000000000        0x0 e:/stm32_latest/stm32cubeide_1.11.2/stm32cubeide/plugins/com.st.stm32cube.ide.mcu.externaltools.gnu-tools-for-stm32.10.3-2021.10.win32_1.0.100.202210260954/tools/bin/../lib/gcc/arm-none-eabi/10.3.1/../../../../arm-none-eabi/lib/thumb/v7-m/nofp\libc_nano.a(lib_a-exit.o)
 .bss           0x0000000000000000        0x0 e:/stm32_latest/stm32cubeide_1.11.2/stm32cubeide/plugins/com.st.stm32cube.ide.mcu.externaltools.gnu-tools-for-stm32.10.3-2021.10.win32_1.0.100.202210260954/tools/bin/../lib/gcc/arm-none-eabi/10.3.1/../../../../arm-none-eabi/lib/thumb/v7-m/nofp\libc_nano.a(lib_a-exit.o)
 .text.exit     0x0000000000000000       0x28 e:/stm32_latest/stm32cubeide_1.11.2/stm32cubeide/plugins/com.st.stm32cube.ide.mcu.externaltools.gnu-tools-for-stm32.10.3-2021.10.win32_1.0.100.202210260954/tools/bin/../lib/gcc/arm-none-eabi/10.3.1/../../../../arm-none-eabi/lib/thumb/v7-m/nofp\libc_nano.a(lib_a-exit.o)
 .debug_frame   0x0000000000000000       0x28 e:/stm32_latest/stm32cubeide_1.11.2/stm32cubeide/plugins/com.st.stm32cube.ide.mcu.externaltools.gnu-tools-for-stm32.10.3-2021.10.win32_1.0.100.202210260954/tools/bin/../lib/gcc/arm-none-eabi/10.3.1/../../../../arm-none-eabi/lib/thumb/v7-m/nofp\libc_nano.a(lib_a-exit.o)
 .ARM.attributes
                0x0000000000000000       0x2d e:/stm32_latest/stm32cubeide_1.11.2/stm32cubeide/plugins/com.st.stm32cube.ide.mcu.externaltools.gnu-tools-for-stm32.10.3-2021.10.win32_1.0.100.202210260954/tools/bin/../lib/gcc/arm-none-eabi/10.3.1/../../../../arm-none-eabi/lib/thumb/v7-m/nofp\libc_nano.a(lib_a-exit.o)
 .text          0x0000000000000000        0x0 e:/stm32_latest/stm32cubeide_1.11.2/stm32cubeide/plugins/com.st.stm32cube.ide.mcu.externaltools.gnu-tools-for-stm32.10.3-2021.10.win32_1.0.100.202210260954/tools/bin/../lib/gcc/arm-none-eabi/10.3.1/../../../../arm-none-eabi/lib/thumb/v7-m/nofp\libc_nano.a(lib_a-impure.o)
 .data          0x0000000000000000        0x0 e:/stm32_latest/stm32cubeide_1.11.2/stm32cubeide/plugins/com.st.stm32cube.ide.mcu.externaltools.gnu-tools-for-stm32.10.3-2021.10.win32_1.0.100.202210260954/tools/bin/../lib/gcc/arm-none-eabi/10.3.1/../../../../arm-none-eabi/lib/thumb/v7-m/nofp\libc_nano.a(lib_a-impure.o)
 .bss           0x0000000000000000        0x0 e:/stm32_latest/stm32cubeide_1.11.2/stm32cubeide/plugins/com.st.stm32cube.ide.mcu.externaltools.gnu-tools-for-stm32.10.3-2021.10.win32_1.0.100.202210260954/tools/bin/../lib/gcc/arm-none-eabi/10.3.1/../../../../arm-none-eabi/lib/thumb/v7-m/nofp\libc_nano.a(lib_a-impure.o)
 .data._impure_ptr
                0x0000000000000000        0x4 e:/stm32_latest/stm32cubeide_1.11.2/stm32cubeide/plugins/com.st.stm32cube.ide.mcu.externaltools.gnu-tools-for-stm32.10.3-2021.10.win32_1.0.100.202210260954/tools/bin/../lib/gcc/arm-none-eabi/10.3.1/../../../../arm-none-eabi/lib/thumb/v7-m/nofp\libc_nano.a(lib_a-impure.o)
 .data.impure_data
                0x0000000000000000       0x60 e:/stm32_latest/stm32cubeide_1.11.2/stm32cubeide/plugins/com.st.stm32cube.ide.mcu.externaltools.gnu-tools-for-stm32.10.3-2021.10.win32_1.0.100.202210260954/tools/bin/../lib/gcc/arm-none-eabi/10.3.1/../../../../arm-none-eabi/lib/thumb/v7-m/nofp\libc_nano.a(lib_a-impure.o)
 .rodata._global_impure_ptr
                0x0000000000000000        0x4 e:/stm32_latest/stm32cubeide_1.11.2/stm32cubeide/plugins/com.st.stm32cube.ide.mcu.externaltools.gnu-tools-for-stm32.10.3-2021.10.win32_1.0.100.202210260954/tools/bin/../lib/gcc/arm-none-eabi/10.3.1/../../../../arm-none-eabi/lib/thumb/v7-m/nofp\libc_nano.a(lib_a-impure.o)
 .ARM.attributes
                0x0000000000000000       0x2d e:/stm32_latest/stm32cubeide_1.11.2/stm32cubeide/plugins/com.st.stm32cube.ide.mcu.externaltools.gnu-tools-for-stm32.10.3-2021.10.win32_1.0.100.202210260954/tools/bin/../lib/gcc/arm-none-eabi/10.3.1/../../../../arm-none-eabi/lib/thumb/v7-m/nofp\libc_nano.a(lib_a-impure.o)
 .text          0x0000000000000000        0x0 e:/stm32_latest/stm32cubeide_1.11.2/stm32cubeide/plugins/com.st.stm32cube.ide.mcu.externaltools.gnu-tools-for-stm32.10.3-2021.10.win32_1.0.100.202210260954/tools/bin/../lib/gcc/arm-none-eabi/10.3.1/../../../../arm-none-eabi/lib/thumb/v7-m/nofp\libc_nano.a(lib_a-init.o)
 .data          0x0000000000000000        0x0 e:/stm32_latest/stm32cubeide_1.11.2/stm32cubeide/plugins/com.st.stm32cube.ide.mcu.externaltools.gnu-tools-for-stm32.10.3-2021.10.win32_1.0.100.202210260954/tools/bin/../lib/gcc/arm-none-eabi/10.3.1/../../../../arm-none-eabi/lib/thumb/v7-m/nofp\libc_nano.a(lib_a-init.o)
 .bss           0x0000000000000000        0x0 e:/stm32_latest/stm32cubeide_1.11.2/stm32cubeide/plugins/com.st.stm32cube.ide.mcu.externaltools.gnu-tools-for-stm32.10.3-2021.10.win32_1.0.100.202210260954/tools/bin/../lib/gcc/arm-none-eabi/10.3.1/../../../../arm-none-eabi/lib/thumb/v7-m/nofp\libc_nano.a(lib_a-init.o)
 .text          0x0000000000000000        0x0 e:/stm32_latest/stm32cubeide_1.11.2/stm32cubeide/plugins/com.st.stm32cube.ide.mcu.externaltools.gnu-tools-for-stm32.10.3-2021.10.win32_1.0.100.202210260954/tools/bin/../lib/gcc/arm-none-eabi/10.3.1/../../../../arm-none-eabi/lib/thumb/v7-m/nofp\libc_nano.a(lib_a-memset.o)
 .data          0x0000000000000000        0x0 e:/stm32_latest/stm32cubeide_1.11.2/stm32cubeide/plugins/com.st.stm32cube.ide.mcu.externaltools.gnu-tools-for-stm32.10.3-2021.10.win32_1.0.100.202210260954/tools/bin/../lib/gcc/arm-none-eabi/10.3.1/../../../../arm-none-eabi/lib/thumb/v7-m/nofp\libc_nano.a(lib_a-memset.o)
 .bss           0x0000000000000000        0x0 e:/stm32_latest/stm32cubeide_1.11.2/stm32cubeide/plugins/com.st.stm32cube.ide.mcu.externaltools.gnu-tools-for-stm32.10.3-2021.10.win32_1.0.100.202210260954/tools/bin/../lib/gcc/arm-none-eabi/10.3.1/../../../../arm-none-eabi/lib/thumb/v7-m/nofp\libc_nano.a(lib_a-memset.o)
 .text.memset   0x0000000000000000       0x10 e:/stm32_latest/stm32cubeide_1.11.2/stm32cubeide/plugins/com.st.stm32cube.ide.mcu.externaltools.gnu-tools-for-stm32.10.3-2021.10.win32_1.0.100.202210260954/tools/bin/../lib/gcc/arm-none-eabi/10.3.1/../../../../arm-none-eabi/lib/thumb/v7-m/nofp\libc_nano.a(lib_a-memset.o)
 .debug_frame   0x0000000000000000       0x20 e:/stm32_latest/stm32cubeide_1.11.2/stm32cubeide/plugins/com.st.stm32cube.ide.mcu.externaltools.gnu-tools-for-stm32.10.3-2021.10.win32_1.0.100.202210260954/tools/bin/../lib/gcc/arm-none-eabi/10.3.1/../../../../arm-none-eabi/lib/thumb/v7-m/nofp\libc_nano.a(lib_a-memset.o)
 .ARM.attributes
                0x0000000000000000       0x2d e:/stm32_latest/stm32cubeide_1.11.2/stm32cubeide/plugins/com.st.stm32cube.ide.mcu.externaltools.gnu-tools-for-stm32.10.3-2021.10.win32_1.0.100.202210260954/tools/bin/../lib/gcc/arm-none-eabi/10.3.1/../../../../arm-none-eabi/lib/thumb/v7-m/nofp\libc_nano.a(lib_a-memset.o)
 .text          0x0000000000000000        0x0 e:/stm32_latest/stm32cubeide_1.11.2/stm32cubeide/plugins/com.st.stm32cube.ide.mcu.externaltools.gnu-tools-for-stm32.10.3-2021.10.win32_1.0.100.202210260954/tools/bin/../lib/gcc/arm-none-eabi/10.3.1/thumb/v7-m/nofp/crtend.o
 .data          0x0000000000000000        0x0 e:/stm32_latest/stm32cubeide_1.11.2/stm32cubeide/plugins/com.st.stm32cube.ide.mcu.externaltools.gnu-tools-for-stm32.10.3-2021.10.win32_1.0.100.202210260954/tools/bin/../lib/gcc/arm-none-eabi/10.3.1/thumb/v7-m/nofp/crtend.o
 .bss           0x0000000000000000        0x0 e:/stm32_latest/stm32cubeide_1.11.2/stm32cubeide/plugins/com.st.stm32cube.ide.mcu.externaltools.gnu-tools-for-stm32.10.3-2021.10.win32_1.0.100.202210260954/tools/bin/../lib/gcc/arm-none-eabi/10.3.1/thumb/v7-m/nofp/crtend.o
 .rodata        0x0000000000000000       0x24 e:/stm32_latest/stm32cubeide_1.11.2/stm32cubeide/plugins/com.st.stm32cube.ide.mcu.externaltools.gnu-tools-for-stm32.10.3-2021.10.win32_1.0.100.202210260954/tools/bin/../lib/gcc/arm-none-eabi/10.3.1/thumb/v7-m/nofp/crtend.o
 .eh_frame      0x0000000000000000        0x4 e:/stm32_latest/stm32cubeide_1.11.2/stm32cubeide/plugins/com.st.stm32cube.ide.mcu.externaltools.gnu-tools-for-stm32.10.3-2021.10.win32_1.0.100.202210260954/tools/bin/../lib/gcc/arm-none-eabi/10.3.1/thumb/v7-m/nofp/crtend.o
 .ARM.attributes
                0x0000000000000000       0x2d e:/stm32_latest/stm32cubeide_1.11.2/stm32cubeide/plugins/com.st.stm32cube.ide.mcu.externaltools.gnu-tools-for-stm32.10.3-2021.10.win32_1.0.100.202210260954/tools/bin/../lib/gcc/arm-none-eabi/10.3.1/thumb/v7-m/nofp/crtend.o
 .text          0x0000000000000000        0x0 e:/stm32_latest/stm32cubeide_1.11.2/stm32cubeide/plugins/com.st.stm32cube.ide.mcu.externaltools.gnu-tools-for-stm32.10.3-2021.10.win32_1.0.100.202210260954/tools/bin/../lib/gcc/arm-none-eabi/10.3.1/thumb/v7-m/nofp/crtn.o
 .data          0x0000000000000000        0x0 e:/stm32_latest/stm32cubeide_1.11.2/stm32cubeide/plugins/com.st.stm32cube.ide.mcu.externaltools.gnu-tools-for-stm32.10.3-2021.10.win32_1.0.100.202210260954/tools/bin/../lib/gcc/arm-none-eabi/10.3.1/thumb/v7-m/nofp/crtn.o
 .bss           0x0000000000000000        0x0 e:/stm32_latest/stm32cubeide_1.11.2/stm32cubeide/plugins/com.st.stm32cube.ide.mcu.externaltools.gnu-tools-for-stm32.10.3-2021.10.win32_1.0.100.202210260954/tools/bin/../lib/gcc/arm-none-eabi/10.3.1/thumb/v7-m/nofp/crtn.o

Memory Configuration

Name             Origin             Length             Attributes
RAM              0x0000000020000000 0x0000000000002800 xrw
ROM              0x0000000008000000 0x0000000000008000 xr
*default*        0x0000000000000000 0xffffffffffffffff

Linker script and memory map

LOAD e:/stm32_latest/stm32cubeide_1.11.2/stm32cubeide/plugins/com.st.stm32cube.ide.mcu.externaltools.gnu-tools-for-stm32.10.3-2021.10.win32_1.0.100.202210260954/tools/bin/../lib/gcc/arm-none-eabi/10.3.1/thumb/v7-m/nofp/crti.o
LOAD e:/stm32_latest/stm32cubeide_1.11.2/stm32cubeide/plugins/com.st.stm32cube.ide.mcu.externaltools.gnu-tools-for-stm32.10.3-2021.10.win32_1.0.100.202210260954/tools/bin/../lib/gcc/arm-none-eabi/10.3.1/thumb/v7-m/nofp/crtbegin.o
LOAD e:/stm32_latest/stm32cubeide_1.11.2/stm32cubeide/plugins/com.st.stm32cube.ide.mcu.externaltools.gnu-tools-for-stm32.10.3-2021.10.win32_1.0.100.202210260954/tools/bin/../lib/gcc/arm-none-eabi/10.3.1/../../../../arm-none-eabi/lib/thumb/v7-m/nofp/crt0.o
LOAD ./HAL/Key_Pad_Driver.o
LOAD ./HAL/LCD.o
LOAD ./STM32F103C6_Drivers/GPIO/STM32F103C6_GPIO_Driver.o
LOAD ./STM32F103C6_Drivers/STM32F103C6_EXTI_Driver.o
LOAD ./Src/main.o
LOAD ./Src/syscalls.o
LOAD ./Src/sysmem.o
LOAD ./Startup/startup_stm32f103c6tx.o
START GROUP
LOAD e:/stm32_latest/stm32cubeide_1.11.2/stm32cubeide/plugins/com.st.stm32cube.ide.mcu.externaltools.gnu-tools-for-stm32.10.3-2021.10.win32_1.0.100.202210260954/tools/bin/../lib/gcc/arm-none-eabi/10.3.1/../../../../arm-none-eabi/lib/thumb/v7-m/nofp\libc_nano.a
LOAD e:/stm32_latest/stm32cubeide_1.11.2/stm32cubeide/plugins/com.st.stm32cube.ide.mcu.externaltools.gnu-tools-for-stm32.10.3-2021.10.win32_1.0.100.202210260954/tools/bin/../lib/gcc/arm-none-eabi/10.3.1/../../../../arm-none-eabi/lib/thumb/v7-m/nofp\libm.a
END GROUP
START GROUP
LOAD e:/stm32_latest/stm32cubeide_1.11.2/stm32cubeide/plugins/com.st.stm32cube.ide.mcu.externaltools.gnu-tools-for-stm32.10.3-2021.10.win32_1.0.100.202210260954/tools/bin/../lib/gcc/arm-none-eabi/10.3.1/thumb/v7-m/nofp\libgcc.a
LOAD e:/stm32_latest/stm32cubeide_1.11.2/stm32cubeide/plugins/com.st.stm32cube.ide.mcu.externaltools.gnu-tools-for-stm32.10.3-2021.10.win32_1.0.100.202210260954/tools/bin/../lib/gcc/arm-none-eabi/10.3.1/../../../../arm-none-eabi/lib/thumb/v7-m/nofp\libg_nano.a
LOAD e:/stm32_latest/stm32cubeide_1.11.2/stm32cubeide/plugins/com.st.stm32cube.ide.mcu.externaltools.gnu-tools-for-stm32.10.3-2021.10.win32_1.0.100.202210260954/tools/bin/../lib/gcc/arm-none-eabi/10.3.1/../../../../arm-none-eabi/lib/thumb/v7-m/nofp\libc_nano.a
END GROUP
START GROUP
LOAD e:/stm32_latest/stm32cubeide_1.11.2/stm32cubeide/plugins/com.st.stm32cube.ide.mcu.externaltools.gnu-tools-for-stm32.10.3-2021.10.win32_1.0.100.202210260954/tools/bin/../lib/gcc/arm-none-eabi/10.3.1/thumb/v7-m/nofp\libgcc.a
LOAD e:/stm32_latest/stm32cubeide_1.11.2/stm32cubeide/plugins/com.st.stm32cube.ide.mcu.externaltools.gnu-tools-for-stm32.10.3-2021.10.win32_1.0.100.202210260954/tools/bin/../lib/gcc/arm-none-eabi/10.3.1/../../../../arm-none-eabi/lib/thumb/v7-m/nofp\libc_nano.a
LOAD e:/stm32_latest/stm32cubeide_1.11.2/stm32cubeide/plugins/com.st.stm32cube.ide.mcu.externaltools.gnu-tools-for-stm32.10.3-2021.10.win32_1.0.100.202210260954/tools/bin/../lib/gcc/arm-none-eabi/10.3.1/../../../../arm-none-eabi/lib/thumb/v7-m/nofp\libnosys.a
END GROUP
START GROUP
LOAD e:/stm32_latest/stm32cubeide_1.11.2/stm32cubeide/plugins/com.st.stm32cube.ide.mcu.externaltools.gnu-tools-for-stm32.10.3-2021.10.win32_1.0.100.202210260954/tools/bin/../lib/gcc/arm-none-eabi/10.3.1/thumb/v7-m/nofp\libgcc.a
LOAD e:/stm32_latest/stm32cubeide_1.11.2/stm32cubeide/plugins/com.st.stm32cube.ide.mcu.externaltools.gnu-tools-for-stm32.10.3-2021.10.win32_1.0.100.202210260954/tools/bin/../lib/gcc/arm-none-eabi/10.3.1/../../../../arm-none-eabi/lib/thumb/v7-m/nofp\libc_nano.a
LOAD e:/stm32_latest/stm32cubeide_1.11.2/stm32cubeide/plugins/com.st.stm32cube.ide.mcu.externaltools.gnu-tools-for-stm32.10.3-2021.10.win32_1.0.100.202210260954/tools/bin/../lib/gcc/arm-none-eabi/10.3.1/../../../../arm-none-eabi/lib/thumb/v7-m/nofp\libnosys.a
END GROUP
LOAD e:/stm32_latest/stm32cubeide_1.11.2/stm32cubeide/plugins/com.st.stm32cube.ide.mcu.externaltools.gnu-tools-for-stm32.10.3-2021.10.win32_1.0.100.202210260954/tools/bin/../lib/gcc/arm-none-eabi/10.3.1/thumb/v7-m/nofp/crtend.o
LOAD e:/stm32_latest/stm32cubeide_1.11.2/stm32cubeide/plugins/com.st.stm32cube.ide.mcu.externaltools.gnu-tools-for-stm32.10.3-2021.10.win32_1.0.100.202210260954/tools/bin/../lib/gcc/arm-none-eabi/10.3.1/thumb/v7-m/nofp/crtn.o
                0x0000000020002800                _estack = (ORIGIN (RAM) + LENGTH (RAM))
                0x0000000000000200                _Min_Heap_Size = 0x200
                0x0000000000000400                _Min_Stack_Size = 0x400

.isr_vector     0x0000000008000000      0x130
                0x0000000008000000                . = ALIGN (0x4)
 *(.isr_vector)
 .isr_vector    0x0000000008000000      0x130 ./Startup/startup_stm32f103c6tx.o
                0x0000000008000000                g_pfnVectors
                0x0000000008000130                . = ALIGN (0x4)

.text           0x0000000008000130      0xa24
                0x0000000008000130                . = ALIGN (0x4)
 *(.text)
 .text          0x0000000008000130       0x40 e:/stm32_latest/stm32cubeide_1.11.2/stm32cubeide/plugins/com.st.stm32cube.ide.mcu.externaltools.gnu-tools-for-stm32.10.3-2021.10.win32_1.0.100.202210260954/tools/bin/../lib/gcc/arm-none-eabi/10.3.1/thumb/v7-m/nofp/crtbegin.o
 *(.text*)
 .text.Get_CRLH_Position
                0x0000000008000170      0x154 ./STM32F103C6_Drivers/GPIO/STM32F103C6_GPIO_Driver.o
                0x0000000008000170                Get_CRLH_Position
 .text.MCAL_GPIO_Init
                0x00000000080002c4      0x11c ./STM32F103C6_Drivers/GPIO/STM32F103C6_GPIO_Driver.o
                0x00000000080002c4                MCAL_GPIO_Init
 .text.Enable_NVIC
                0x00000000080003e0       0xcc ./STM32F103C6_Drivers/STM32F103C6_EXTI_Driver.o
                0x00000000080003e0                Enable_NVIC
 .text.Disable_NVIC
                0x00000000080004ac       0xcc ./STM32F103C6_Drivers/STM32F103C6_EXTI_Driver.o
                0x00000000080004ac                Disable_NVIC
 .text.Update_EXTI
                0x0000000008000578      0x1fc ./STM32F103C6_Drivers/STM32F103C6_EXTI_Driver.o
                0x0000000008000578                Update_EXTI
 .text.MCAL_EXTI_GPIO_Init
                0x0000000008000774       0x16 ./STM32F103C6_Drivers/STM32F103C6_EXTI_Driver.o
                0x0000000008000774                MCAL_EXTI_GPIO_Init
 *fill*         0x000000000800078a        0x2 
 .text.EXTI0_IRQHandler
                0x000000000800078c       0x28 ./STM32F103C6_Drivers/STM32F103C6_EXTI_Driver.o
                0x000000000800078c                EXTI0_IRQHandler
 .text.EXTI1_IRQHandler
                0x00000000080007b4       0x28 ./STM32F103C6_Drivers/STM32F103C6_EXTI_Driver.o
                0x00000000080007b4                EXTI1_IRQHandler
 .text.EXTI2_IRQHandler
                0x00000000080007dc       0x28 ./STM32F103C6_Drivers/STM32F103C6_EXTI_Driver.o
                0x00000000080007dc                EXTI2_IRQHandler
 .text.EXTI3_IRQHandler
                0x0000000008000804       0x28 ./STM32F103C6_Drivers/STM32F103C6_EXTI_Driver.o
                0x0000000008000804                EXTI3_IRQHandler
 .text.EXTI4_IRQHandler
                0x000000000800082c       0x28 ./STM32F103C6_Drivers/STM32F103C6_EXTI_Driver.o
                0x000000000800082c                EXTI4_IRQHandler
 .text.EXTI9_5_IRQHandler
                0x0000000008000854       0xc4 ./STM32F103C6_Drivers/STM32F103C6_EXTI_Driver.o
                0x0000000008000854                EXTI9_5_IRQHandler
 .text.EXTI15_10_IRQHandler
                0x0000000008000918       0xe8 ./STM32F103C6_Drivers/STM32F103C6_EXTI_Driver.o
                0x0000000008000918                EXTI15_10_IRQHandler
 .text.clock_init
                0x0000000008000a00       0x40 ./Src/main.o
                0x0000000008000a00                clock_init
 .text.EXTI9_callBack
                0x0000000008000a40       0x18 ./Src/main.o
                0x0000000008000a40                EXTI9_callBack
 .text.main     0x0000000008000a58       0x48 ./Src/main.o
                0x0000000008000a58                main
 .text.Reset_Handler
                0x0000000008000aa0       0x50 ./Startup/startup_stm32f103c6tx.o
                0x0000000008000aa0                Reset_Handler
 .text.Default_Handler
                0x0000000008000af0        0x2 ./Startup/startup_stm32f103c6tx.o
                0x0000000008000af0                TIM8_TRG_COM_IRQHandler
                0x0000000008000af0                TIM8_CC_IRQHandler
                0x0000000008000af0                DebugMon_Handler
                0x0000000008000af0                TIM1_CC_IRQHandler
                0x0000000008000af0                HardFault_Handler
                0x0000000008000af0                TIM6_IRQHandler
                0x0000000008000af0                SysTick_Handler
                0x0000000008000af0                PVD_IRQHandler
                0x0000000008000af0                SDIO_IRQHandler
                0x0000000008000af0                PendSV_Handler
                0x0000000008000af0                NMI_Handler
                0x0000000008000af0                USB_HP_CAN_TX_IRQHandler
                0x0000000008000af0                I2C2_EV_IRQHandler
                0x0000000008000af0                UsageFault_Handler
                0x0000000008000af0                ADC1_2_IRQHandler
                0x0000000008000af0                SPI1_IRQHandler
                0x0000000008000af0                CAN_SCE_IRQHandler
                0x0000000008000af0                TAMPER_IRQHandler
                0x0000000008000af0                TIM8_UP_IRQHandler
                0x0000000008000af0                DMA2_Channel2_IRQHandler
                0x0000000008000af0                DMA1_Channel4_IRQHandler
                0x0000000008000af0                USART3_IRQHandler
                0x0000000008000af0                RTC_IRQHandler
                0x0000000008000af0                DMA1_Channel7_IRQHandler
                0x0000000008000af0                UART5_IRQHandler
                0x0000000008000af0                ADC3_IRQHandler
                0x0000000008000af0                TIM4_IRQHandler
                0x0000000008000af0                CAN_RX1_IRQHandler
                0x0000000008000af0                DMA2_Channel1_IRQHandler
                0x0000000008000af0                I2C1_EV_IRQHandler
                0x0000000008000af0                DMA1_Channel6_IRQHandler
                0x0000000008000af0                UART4_IRQHandler
                0x0000000008000af0                TIM3_IRQHandler
                0x0000000008000af0                RCC_IRQHandler
                0x0000000008000af0                TIM1_TRG_COM_IRQHandler
                0x0000000008000af0                DMA1_Channel1_IRQHandler
                0x0000000008000af0                Default_Handler
                0x0000000008000af0                TIM7_IRQHandler
                0x0000000008000af0                TIM5_IRQHandler
                0x0000000008000af0                SPI2_IRQHandler
                0x0000000008000af0                USB_LP_CAN_RX0_IRQHandler
                0x0000000008000af0                MemManage_Handler
                0x0000000008000af0                SVC_Handler
                0x0000000008000af0                DMA1_Channel5_IRQHandler
                0x0000000008000af0                DMA1_Channel3_IRQHandler
                0x0000000008000af0                FSMC_IRQHandler
                0x0000000008000af0                TIM1_UP_IRQHandler
                0x0000000008000af0                WWDG_IRQHandler
                0x0000000008000af0                TIM2_IRQHandler
                0x0000000008000af0                TIM1_BRK_IRQHandler
                0x0000000008000af0                RTCAlarm_IRQHandler
                0x0000000008000af0                DMA2_Channel4_5_IRQHandler
                0x0000000008000af0                USART2_IRQHandler
                0x0000000008000af0                I2C2_ER_IRQHandler
                0x0000000008000af0                DMA1_Channel2_IRQHandler
                0x0000000008000af0                TIM8_BRK_IRQHandler
                0x0000000008000af0                FLASH_IRQHandler
                0x0000000008000af0                BusFault_Handler
                0x0000000008000af0                USART1_IRQHandler
                0x0000000008000af0                SPI3_IRQHandler
                0x0000000008000af0                I2C1_ER_IRQHandler
                0x0000000008000af0                DMA2_Channel3_IRQHandler
 *fill*         0x0000000008000af2        0x2 
 .text.__libc_init_array
                0x0000000008000af4       0x48 e:/stm32_latest/stm32cubeide_1.11.2/stm32cubeide/plugins/com.st.stm32cube.ide.mcu.externaltools.gnu-tools-for-stm32.10.3-2021.10.win32_1.0.100.202210260954/tools/bin/../lib/gcc/arm-none-eabi/10.3.1/../../../../arm-none-eabi/lib/thumb/v7-m/nofp\libc_nano.a(lib_a-init.o)
                0x0000000008000af4                __libc_init_array
 *(.glue_7)
 .glue_7        0x0000000008000b3c        0x0 linker stubs
 *(.glue_7t)
 .glue_7t       0x0000000008000b3c        0x0 linker stubs
 *(.eh_frame)
 .eh_frame      0x0000000008000b3c        0x0 e:/stm32_latest/stm32cubeide_1.11.2/stm32cubeide/plugins/com.st.stm32cube.ide.mcu.externaltools.gnu-tools-for-stm32.10.3-2021.10.win32_1.0.100.202210260954/tools/bin/../lib/gcc/arm-none-eabi/10.3.1/thumb/v7-m/nofp/crtbegin.o
 *(.init)
 .init          0x0000000008000b3c        0x4 e:/stm32_latest/stm32cubeide_1.11.2/stm32cubeide/plugins/com.st.stm32cube.ide.mcu.externaltools.gnu-tools-for-stm32.10.3-2021.10.win32_1.0.100.202210260954/tools/bin/../lib/gcc/arm-none-eabi/10.3.1/thumb/v7-m/nofp/crti.o
                0x0000000008000b3c                _init
 .init          0x0000000008000b40        0x8 e:/stm32_latest/stm32cubeide_1.11.2/stm32cubeide/plugins/com.st.stm32cube.ide.mcu.externaltools.gnu-tools-for-stm32.10.3-2021.10.win32_1.0.100.202210260954/tools/bin/../lib/gcc/arm-none-eabi/10.3.1/thumb/v7-m/nofp/crtn.o
 *(.fini)
 .fini          0x0000000008000b48        0x4 e:/stm32_latest/stm32cubeide_1.11.2/stm32cubeide/plugins/com.st.stm32cube.ide.mcu.externaltools.gnu-tools-for-stm32.10.3-2021.10.win32_1.0.100.202210260954/tools/bin/../lib/gcc/arm-none-eabi/10.3.1/thumb/v7-m/nofp/crti.o
                0x0000000008000b48                _fini
 .fini          0x0000000008000b4c        0x8 e:/stm32_latest/stm32cubeide_1.11.2/stm32cubeide/plugins/com.st.stm32cube.ide.mcu.externaltools.gnu-tools-for-stm32.10.3-2021.10.win32_1.0.100.202210260954/tools/bin/../lib/gcc/arm-none-eabi/10.3.1/thumb/v7-m/nofp/crtn.o
                0x0000000008000b54                . = ALIGN (0x4)
                0x0000000008000b54                _etext = .

.vfp11_veneer   0x0000000008000b54        0x0
 .vfp11_veneer  0x0000000008000b54        0x0 linker stubs

.v4_bx          0x0000000008000b54        0x0
 .v4_bx         0x0000000008000b54        0x0 linker stubs

.iplt           0x0000000008000b54        0x0
 .iplt          0x0000000008000b54        0x0 e:/stm32_latest/stm32cubeide_1.11.2/stm32cubeide/plugins/com.st.stm32cube.ide.mcu.externaltools.gnu-tools-for-stm32.10.3-2021.10.win32_1.0.100.202210260954/tools/bin/../lib/gcc/arm-none-eabi/10.3.1/thumb/v7-m/nofp/crtbegin.o

.rodata         0x0000000008000b54        0xc
                0x0000000008000b54                . = ALIGN (0x4)
 *(.rodata)
 .rodata        0x0000000008000b54        0xc ./Src/main.o
 *(.rodata*)
                0x0000000008000b60                . = ALIGN (0x4)

.rel.dyn        0x0000000008000b60        0x0
 .rel.iplt      0x0000000008000b60        0x0 e:/stm32_latest/stm32cubeide_1.11.2/stm32cubeide/plugins/com.st.stm32cube.ide.mcu.externaltools.gnu-tools-for-stm32.10.3-2021.10.win32_1.0.100.202210260954/tools/bin/../lib/gcc/arm-none-eabi/10.3.1/thumb/v7-m/nofp/crtbegin.o

.ARM.extab      0x0000000008000b60        0x0
                0x0000000008000b60                . = ALIGN (0x4)
 *(.ARM.extab* .gnu.linkonce.armextab.*)
                0x0000000008000b60                . = ALIGN (0x4)

.ARM            0x0000000008000b60        0x0
                0x0000000008000b60                . = ALIGN (0x4)
                0x0000000008000b60                __exidx_start = .
 *(.ARM.exidx*)
                0x0000000008000b60                __exidx_end = .
                0x0000000008000b60                . = ALIGN (0x4)

.preinit_array  0x0000000008000b60        0x0
                0x0000000008000b60                . = ALIGN (0x4)
                0x0000000008000b60                PROVIDE (__preinit_array_start = .)
 *(.preinit_array*)
                0x0000000008000b60                PROVIDE (__preinit_array_end = .)
                0x0000000008000b60                . = ALIGN (0x4)

.init_array     0x0000000008000b60        0x4
                0x0000000008000b60                . = ALIGN (0x4)
                0x0000000008000b60                PROVIDE (__init_array_start = .)
 *(SORT_BY_NAME(.init_array.*))
 *(.init_array*)
 .init_array    0x0000000008000b60        0x4 e:/stm32_latest/stm32cubeide_1.11.2/stm32cubeide/plugins/com.st.stm32cube.ide.mcu.externaltools.gnu-tools-for-stm32.10.3-2021.10.win32_1.0.100.202210260954/tools/bin/../lib/gcc/arm-none-eabi/10.3.1/thumb/v7-m/nofp/crtbegin.o
                0x0000000008000b64                PROVIDE (__init_array_end = .)
                0x0000000008000b64                . = ALIGN (0x4)

.fini_array     0x0000000008000b64        0x4
                0x0000000008000b64                . = ALIGN (0x4)
                [!provide]                        PROVIDE (__fini_array_start = .)
 *(SORT_BY_NAME(.fini_array.*))
 *(.fini_array*)
 .fini_array    0x0000000008000b64        0x4 e:/stm32_latest/stm32cubeide_1.11.2/stm32cubeide/plugins/com.st.stm32cube.ide.mcu.externaltools.gnu-tools-for-stm32.10.3-2021.10.win32_1.0.100.202210260954/tools/bin/../lib/gcc/arm-none-eabi/10.3.1/thumb/v7-m/nofp/crtbegin.o
                [!provide]                        PROVIDE (__fini_array_end = .)
                0x0000000008000b68                . = ALIGN (0x4)
                0x0000000008000b68                _sidata = LOADADDR (.data)

.data           0x0000000020000000        0xc load address 0x0000000008000b68
                0x0000000020000000                . = ALIGN (0x4)
                0x0000000020000000                _sdata = .
 *(.data)
 *(.data*)
 .data.PTR      0x0000000020000000        0x4 ./STM32F103C6_Drivers/GPIO/STM32F103C6_GPIO_Driver.o
                0x0000000020000000                PTR
 .data.EXTI_PTR
                0x0000000020000004        0x4 ./STM32F103C6_Drivers/STM32F103C6_EXTI_Driver.o
                0x0000000020000004                EXTI_PTR
 .data.IRQ_Flag
                0x0000000020000008        0x4 ./Src/main.o
                0x0000000020000008                IRQ_Flag
                0x000000002000000c                . = ALIGN (0x4)
                0x000000002000000c                _edata = .

.igot.plt       0x000000002000000c        0x0 load address 0x0000000008000b74
 .igot.plt      0x000000002000000c        0x0 e:/stm32_latest/stm32cubeide_1.11.2/stm32cubeide/plugins/com.st.stm32cube.ide.mcu.externaltools.gnu-tools-for-stm32.10.3-2021.10.win32_1.0.100.202210260954/tools/bin/../lib/gcc/arm-none-eabi/10.3.1/thumb/v7-m/nofp/crtbegin.o
                0x000000002000000c                . = ALIGN (0x4)

.bss            0x000000002000000c       0x58 load address 0x0000000008000b74
                0x000000002000000c                _sbss = .
                0x000000002000000c                __bss_start__ = _sbss
 *(.bss)
 .bss           0x000000002000000c       0x1c e:/stm32_latest/stm32cubeide_1.11.2/stm32cubeide/plugins/com.st.stm32cube.ide.mcu.externaltools.gnu-tools-for-stm32.10.3-2021.10.win32_1.0.100.202210260954/tools/bin/../lib/gcc/arm-none-eabi/10.3.1/thumb/v7-m/nofp/crtbegin.o
 *(.bss*)
 .bss.GP_IRQ_CallBack
                0x0000000020000028       0x3c ./STM32F103C6_Drivers/STM32F103C6_EXTI_Driver.o
                0x0000000020000028                GP_IRQ_CallBack
 *(COMMON)
                0x0000000020000064                . = ALIGN (0x4)
                0x0000000020000064                _ebss = .
                0x0000000020000064                __bss_end__ = _ebss

._user_heap_stack
                0x0000000020000064      0x604 load address 0x0000000008000b74
                0x0000000020000068                . = ALIGN (0x8)
 *fill*         0x0000000020000064        0x4 
                [!provide]                        PROVIDE (end = .)
                0x0000000020000068                PROVIDE (_end = .)
                0x0000000020000268                . = (. + _Min_Heap_Size)
 *fill*         0x0000000020000068      0x200 
                0x0000000020000668                . = (. + _Min_Stack_Size)
 *fill*         0x0000000020000268      0x400 
                0x0000000020000668                . = ALIGN (0x8)

/DISCARD/
 libc.a(*)
 libm.a(*)
 libgcc.a(*)

.ARM.attributes
                0x0000000000000000       0x29
 *(.ARM.attributes)
 .ARM.attributes
                0x0000000000000000       0x1d e:/stm32_latest/stm32cubeide_1.11.2/stm32cubeide/plugins/com.st.stm32cube.ide.mcu.externaltools.gnu-tools-for-stm32.10.3-2021.10.win32_1.0.100.202210260954/tools/bin/../lib/gcc/arm-none-eabi/10.3.1/thumb/v7-m/nofp/crti.o
 .ARM.attributes
                0x000000000000001d       0x2d e:/stm32_latest/stm32cubeide_1.11.2/stm32cubeide/plugins/com.st.stm32cube.ide.mcu.externaltools.gnu-tools-for-stm32.10.3-2021.10.win32_1.0.100.202210260954/tools/bin/../lib/gcc/arm-none-eabi/10.3.1/thumb/v7-m/nofp/crtbegin.o
 .ARM.attributes
                0x000000000000004a       0x2d ./STM32F103C6_Drivers/GPIO/STM32F103C6_GPIO_Driver.o
 .ARM.attributes
                0x0000000000000077       0x2d ./STM32F103C6_Drivers/STM32F103C6_EXTI_Driver.o
 .ARM.attributes
                0x00000000000000a4       0x2d ./Src/main.o
 .ARM.attributes
                0x00000000000000d1       0x21 ./Startup/startup_stm32f103c6tx.o
 .ARM.attributes
                0x00000000000000f2       0x2d e:/stm32_latest/stm32cubeide_1.11.2/stm32cubeide/plugins/com.st.stm32cube.ide.mcu.externaltools.gnu-tools-for-stm32.10.3-2021.10.win32_1.0.100.202210260954/tools/bin/../lib/gcc/arm-none-eabi/10.3.1/../../../../arm-none-eabi/lib/thumb/v7-m/nofp\libc_nano.a(lib_a-init.o)
 .ARM.attributes
                0x000000000000011f       0x1d e:/stm32_latest/stm32cubeide_1.11.2/stm32cubeide/plugins/com.st.stm32cube.ide.mcu.externaltools.gnu-tools-for-stm32.10.3-2021.10.win32_1.0.100.202210260954/tools/bin/../lib/gcc/arm-none-eabi/10.3.1/thumb/v7-m/nofp/crtn.o
OUTPUT(Arm_Second_Session.elf elf32-littlearm)
LOAD linker stubs
LOAD e:/stm32_latest/stm32cubeide_1.11.2/stm32cubeide/plugins/com.st.stm32cube.ide.mcu.externaltools.gnu-tools-for-stm32.10.3-2021.10.win32_1.0.100.202210260954/tools/bin/../lib/gcc/arm-none-eabi/10.3.1/../../../../arm-none-eabi/lib/thumb/v7-m/nofp\libc.a
LOAD e:/stm32_latest/stm32cubeide_1.11.2/stm32cubeide/plugins/com.st.stm32cube.ide.mcu.externaltools.gnu-tools-for-stm32.10.3-2021.10.win32_1.0.100.202210260954/tools/bin/../lib/gcc/arm-none-eabi/10.3.1/../../../../arm-none-eabi/lib/thumb/v7-m/nofp\libm.a
LOAD e:/stm32_latest/stm32cubeide_1.11.2/stm32cubeide/plugins/com.st.stm32cube.ide.mcu.externaltools.gnu-tools-for-stm32.10.3-2021.10.win32_1.0.100.202210260954/tools/bin/../lib/gcc/arm-none-eabi/10.3.1/thumb/v7-m/nofp\libgcc.a

.debug_info     0x0000000000000000      0xdff
 .debug_info    0x0000000000000000      0x4d7 ./STM32F103C6_Drivers/GPIO/STM32F103C6_GPIO_Driver.o
 .debug_info    0x00000000000004d7      0x55a ./STM32F103C6_Drivers/STM32F103C6_EXTI_Driver.o
 .debug_info    0x0000000000000a31      0x3ac ./Src/main.o
 .debug_info    0x0000000000000ddd       0x22 ./Startup/startup_stm32f103c6tx.o

.debug_abbrev   0x0000000000000000      0x42e
 .debug_abbrev  0x0000000000000000      0x135 ./STM32F103C6_Drivers/GPIO/STM32F103C6_GPIO_Driver.o
 .debug_abbrev  0x0000000000000135      0x19a ./STM32F103C6_Drivers/STM32F103C6_EXTI_Driver.o
 .debug_abbrev  0x00000000000002cf      0x14d ./Src/main.o
 .debug_abbrev  0x000000000000041c       0x12 ./Startup/startup_stm32f103c6tx.o

.debug_loc      0x0000000000000000      0x76c
 .debug_loc     0x0000000000000000      0x330 ./STM32F103C6_Drivers/GPIO/STM32F103C6_GPIO_Driver.o
 .debug_loc     0x0000000000000330      0x320 ./STM32F103C6_Drivers/STM32F103C6_EXTI_Driver.o
 .debug_loc     0x0000000000000650      0x11c ./Src/main.o

.debug_aranges  0x0000000000000000      0x140
 .debug_aranges
                0x0000000000000000       0x60 ./STM32F103C6_Drivers/GPIO/STM32F103C6_GPIO_Driver.o
 .debug_aranges
                0x0000000000000060       0x80 ./STM32F103C6_Drivers/STM32F103C6_EXTI_Driver.o
 .debug_aranges
                0x00000000000000e0       0x38 ./Src/main.o
 .debug_aranges
                0x0000000000000118       0x28 ./Startup/startup_stm32f103c6tx.o

.debug_ranges   0x0000000000000000      0x108
 .debug_ranges  0x0000000000000000       0x50 ./STM32F103C6_Drivers/GPIO/STM32F103C6_GPIO_Driver.o
 .debug_ranges  0x0000000000000050       0x70 ./STM32F103C6_Drivers/STM32F103C6_EXTI_Driver.o
 .debug_ranges  0x00000000000000c0       0x28 ./Src/main.o
 .debug_ranges  0x00000000000000e8       0x20 ./Startup/startup_stm32f103c6tx.o

.debug_macro    0x0000000000000000      0x638
 .debug_macro   0x0000000000000000      0x14c ./STM32F103C6_Drivers/GPIO/STM32F103C6_GPIO_Driver.o
 .debug_macro   0x000000000000014c      0x169 ./STM32F103C6_Drivers/STM32F103C6_EXTI_Driver.o
 .debug_macro   0x00000000000002b5      0x220 ./STM32F103C6_Drivers/STM32F103C6_EXTI_Driver.o
 .debug_macro   0x00000000000004d5      0x163 ./Src/main.o

.debug_line     0x0000000000000000     0x188d
 .debug_line    0x0000000000000000      0x7e7 ./STM32F103C6_Drivers/GPIO/STM32F103C6_GPIO_Driver.o
 .debug_line    0x00000000000007e7      0x9e7 ./STM32F103C6_Drivers/STM32F103C6_EXTI_Driver.o
 .debug_line    0x00000000000011ce      0x63b ./Src/main.o
 .debug_line    0x0000000000001809       0x84 ./Startup/startup_stm32f103c6tx.o

.debug_str      0x0000000000000000     0x8f6e
 .debug_str     0x0000000000000000     0x793a ./STM32F103C6_Drivers/GPIO/STM32F103C6_GPIO_Driver.o
                                       0x7b4c (size before relaxing)
 .debug_str     0x000000000000793a     0x1553 ./STM32F103C6_Drivers/STM32F103C6_EXTI_Driver.o
                                       0x8f0b (size before relaxing)
 .debug_str     0x0000000000008e8d       0x4c ./Src/main.o
                                       0x8d58 (size before relaxing)
 .debug_str     0x0000000000008ed9       0x95 ./Startup/startup_stm32f103c6tx.o

.comment        0x0000000000000000       0x50
 .comment       0x0000000000000000       0x50 ./STM32F103C6_Drivers/GPIO/STM32F103C6_GPIO_Driver.o
                                         0x51 (size before relaxing)
 .comment       0x0000000000000050       0x51 ./STM32F103C6_Drivers/STM32F103C6_EXTI_Driver.o
 .comment       0x0000000000000050       0x51 ./Src/main.o

.debug_frame    0x0000000000000000      0x3ec
 .debug_frame   0x0000000000000000      0x178 ./STM32F103C6_Drivers/GPIO/STM32F103C6_GPIO_Driver.o
 .debug_frame   0x0000000000000178      0x1b0 ./STM32F103C6_Drivers/STM32F103C6_EXTI_Driver.o
 .debug_frame   0x0000000000000328       0x98 ./Src/main.o
 .debug_frame   0x00000000000003c0       0x2c e:/stm32_latest/stm32cubeide_1.11.2/stm32cubeide/plugins/com.st.stm32cube.ide.mcu.externaltools.gnu-tools-for-stm32.10.3-2021.10.win32_1.0.100.202210260954/tools/bin/../lib/gcc/arm-none-eabi/10.3.1/../../../../arm-none-eabi/lib/thumb/v7-m/nofp\libc_nano.a(lib_a-init.o)
