Archive member included to satisfy reference by file (symbol)

e:/stm32_latest/stm32cubeide_1.11.2/stm32cubeide/plugins/com.st.stm32cube.ide.mcu.externaltools.gnu-tools-for-stm32.10.3-2021.10.win32_1.0.100.202210260954/tools/bin/../lib/gcc/arm-none-eabi/10.3.1/../../../../arm-none-eabi/lib/thumb/v7-m/nofp\libc_nano.a(lib_a-errno.o)
                              ./Src/syscalls.o (__errno)
e:/stm32_latest/stm32cubeide_1.11.2/stm32cubeide/plugins/com.st.stm32cube.ide.mcu.externaltools.gnu-tools-for-stm32.10.3-2021.10.win32_1.0.100.202210260954/tools/bin/../lib/gcc/arm-none-eabi/10.3.1/../../../../arm-none-eabi/lib/thumb/v7-m/nofp\libc_nano.a(lib_a-exit.o)
                              e:/stm32_latest/stm32cubeide_1.11.2/stm32cubeide/plugins/com.st.stm32cube.ide.mcu.externaltools.gnu-tools-for-stm32.10.3-2021.10.win32_1.0.100.202210260954/tools/bin/../lib/gcc/arm-none-eabi/10.3.1/../../../../arm-none-eabi/lib/thumb/v7-m/nofp/crt0.o (exit)
e:/stm32_latest/stm32cubeide_1.11.2/stm32cubeide/plugins/com.st.stm32cube.ide.mcu.externaltools.gnu-tools-for-stm32.10.3-2021.10.win32_1.0.100.202210260954/tools/bin/../lib/gcc/arm-none-eabi/10.3.1/../../../../arm-none-eabi/lib/thumb/v7-m/nofp\libc_nano.a(lib_a-impure.o)
                              e:/stm32_latest/stm32cubeide_1.11.2/stm32cubeide/plugins/com.st.stm32cube.ide.mcu.externaltools.gnu-tools-for-stm32.10.3-2021.10.win32_1.0.100.202210260954/tools/bin/../lib/gcc/arm-none-eabi/10.3.1/../../../../arm-none-eabi/lib/thumb/v7-m/nofp\libc_nano.a(lib_a-exit.o) (_global_impure_ptr)
e:/stm32_latest/stm32cubeide_1.11.2/stm32cubeide/plugins/com.st.stm32cube.ide.mcu.externaltools.gnu-tools-for-stm32.10.3-2021.10.win32_1.0.100.202210260954/tools/bin/../lib/gcc/arm-none-eabi/10.3.1/../../../../arm-none-eabi/lib/thumb/v7-m/nofp\libc_nano.a(lib_a-init.o)
                              e:/stm32_latest/stm32cubeide_1.11.2/stm32cubeide/plugins/com.st.stm32cube.ide.mcu.externaltools.gnu-tools-for-stm32.10.3-2021.10.win32_1.0.100.202210260954/tools/bin/../lib/gcc/arm-none-eabi/10.3.1/../../../../arm-none-eabi/lib/thumb/v7-m/nofp/crt0.o (__libc_init_array)
e:/stm32_latest/stm32cubeide_1.11.2/stm32cubeide/plugins/com.st.stm32cube.ide.mcu.externaltools.gnu-tools-for-stm32.10.3-2021.10.win32_1.0.100.202210260954/tools/bin/../lib/gcc/arm-none-eabi/10.3.1/../../../../arm-none-eabi/lib/thumb/v7-m/nofp\libc_nano.a(lib_a-memset.o)
                              e:/stm32_latest/stm32cubeide_1.11.2/stm32cubeide/plugins/com.st.stm32cube.ide.mcu.externaltools.gnu-tools-for-stm32.10.3-2021.10.win32_1.0.100.202210260954/tools/bin/../lib/gcc/arm-none-eabi/10.3.1/../../../../arm-none-eabi/lib/thumb/v7-m/nofp/crt0.o (memset)
e:/stm32_latest/stm32cubeide_1.11.2/stm32cubeide/plugins/com.st.stm32cube.ide.mcu.externaltools.gnu-tools-for-stm32.10.3-2021.10.win32_1.0.100.202210260954/tools/bin/../lib/gcc/arm-none-eabi/10.3.1/../../../../arm-none-eabi/lib/thumb/v7-m/nofp\libc_nano.a(lib_a-printf.o)
                              ./MY_RTOS/MY_Rtos_FIFO.o (printf)
e:/stm32_latest/stm32cubeide_1.11.2/stm32cubeide/plugins/com.st.stm32cube.ide.mcu.externaltools.gnu-tools-for-stm32.10.3-2021.10.win32_1.0.100.202210260954/tools/bin/../lib/gcc/arm-none-eabi/10.3.1/../../../../arm-none-eabi/lib/thumb/v7-m/nofp\libc_nano.a(lib_a-puts.o)
                              ./MY_RTOS/MY_Rtos_FIFO.o (puts)
e:/stm32_latest/stm32cubeide_1.11.2/stm32cubeide/plugins/com.st.stm32cube.ide.mcu.externaltools.gnu-tools-for-stm32.10.3-2021.10.win32_1.0.100.202210260954/tools/bin/../lib/gcc/arm-none-eabi/10.3.1/../../../../arm-none-eabi/lib/thumb/v7-m/nofp\libc_nano.a(lib_a-wbuf.o)
                              e:/stm32_latest/stm32cubeide_1.11.2/stm32cubeide/plugins/com.st.stm32cube.ide.mcu.externaltools.gnu-tools-for-stm32.10.3-2021.10.win32_1.0.100.202210260954/tools/bin/../lib/gcc/arm-none-eabi/10.3.1/../../../../arm-none-eabi/lib/thumb/v7-m/nofp\libc_nano.a(lib_a-puts.o) (__swbuf_r)
e:/stm32_latest/stm32cubeide_1.11.2/stm32cubeide/plugins/com.st.stm32cube.ide.mcu.externaltools.gnu-tools-for-stm32.10.3-2021.10.win32_1.0.100.202210260954/tools/bin/../lib/gcc/arm-none-eabi/10.3.1/../../../../arm-none-eabi/lib/thumb/v7-m/nofp\libc_nano.a(lib_a-wsetup.o)
                              e:/stm32_latest/stm32cubeide_1.11.2/stm32cubeide/plugins/com.st.stm32cube.ide.mcu.externaltools.gnu-tools-for-stm32.10.3-2021.10.win32_1.0.100.202210260954/tools/bin/../lib/gcc/arm-none-eabi/10.3.1/../../../../arm-none-eabi/lib/thumb/v7-m/nofp\libc_nano.a(lib_a-puts.o) (__swsetup_r)
e:/stm32_latest/stm32cubeide_1.11.2/stm32cubeide/plugins/com.st.stm32cube.ide.mcu.externaltools.gnu-tools-for-stm32.10.3-2021.10.win32_1.0.100.202210260954/tools/bin/../lib/gcc/arm-none-eabi/10.3.1/../../../../arm-none-eabi/lib/thumb/v7-m/nofp\libc_nano.a(lib_a-fflush.o)
[...]
Memory Configuration

Name             Origin             Length             Attributes
RAM              0x0000000020000000 0x0000000000002800 xrw
ROM              0x0000000008000000 0x0000000000008000 xr
*default*        0x0000000000000000 0xffffffffffffffff

Linker script and memory map

LOAD e:/stm32_latest/stm32cubeide_1.11.2/stm32cubeide/plugins/com.st.stm32cube.ide.mcu.externaltools.gnu-tools-for-stm32.10.3-2021.10.win32_1.0.100.202210260954/tools/bin/../lib/gcc/arm-none-eabi/10.3.1/thumb/v7-m/nofp/crti.o
LOAD e:/stm32_latest/stm32cubeide_1.11.2/stm32cubeide/plugins/com.st.stm32cube.ide.mcu.externaltools.gnu-tools-for-stm32.10.3-2021.10.win32_1.0.100.202210260954/tools/bin/../lib/gcc/arm-none-eabi/10.3.1/thumb/v7-m/nofp/crtbegin.o
LOAD e:/stm32_latest/stm32cubeide_1.11.2/stm32cubeide/plugins/com.st.stm32cube.ide.mcu.externaltools.gnu-tools-for-stm32.10.3-2021.10.win32_1.0.100.202210260954/tools/bin/../lib/gcc/arm-none-eabi/10.3.1/../../../../arm-none-eabi/lib/thumb/v7-m/nofp/crt0.o
LOAD ./HAL/Key_Pad_Driver.o
LOAD ./HAL/LCD.o
LOAD ./MY_RTOS/CortexMX_OS_Porting.o
LOAD ./MY_RTOS/MY_Rtos_FIFO.o
LOAD ./MY_RTOS/Scheduler.o
LOAD ./STM32F103C6_Drivers/GPIO/STM32F103C6_GPIO_Driver.o
LOAD ./STM32F103C6_Drivers/STM32F103C6_EXTI_Driver.o
LOAD ./Src/main.o
LOAD ./Src/syscalls.o
LOAD ./Src/sysmem.o
LOAD ./Startup/startup_stm32f103c6tx.o
START GROUP
LOAD e:/stm32_latest/stm32cubeide_1.11.2/stm32cubeide/plugins/com.st.stm32cube.ide.mcu.externaltools.gnu-tools-for-stm32.10.3-2021.10.win32_1.0.100.202210260954/tools/bin/../lib/gcc/arm-none-eabi/10.3.1/../../../../arm-none-eabi/lib/thumb/v7-m/nofp\libc_nano.a
LOAD e:/stm32_latest/stm32cubeide_1.11.2/stm32cubeide/plugins/com.st.stm32cube.ide.mcu.externaltools.gnu-tools-for-stm32.10.3-2021.10.win32_1.0.100.202210260954/tools/bin/../lib/gcc/arm-none-eabi/10.3.1/../../../../arm-none-eabi/lib/thumb/v7-m/nofp\libm.a
END GROUP
START GROUP
LOAD e:/stm32_latest/stm32cubeide_1.11.2/stm32cubeide/plugins/com.st.stm32cube.ide.mcu.externaltools.gnu-tools-for-stm32.10.3-2021.10.win32_1.0.100.202210260954/tools/bin/../lib/gcc/arm-none-eabi/10.3.1/thumb/v7-m/nofp\libgcc.a
LOAD e:/stm32_latest/stm32cubeide_1.11.2/stm32cubeide/plugins/com.st.stm32cube.ide.mcu.externaltools.gnu-tools-for-stm32.10.3-2021.10.win32_1.0.100.202210260954/tools/bin/../lib/gcc/arm-none-eabi/10.3.1/../../../../arm-none-eabi/lib/thumb/v7-m/nofp\libg_nano.a
LOAD e:/stm32_latest/stm32cubeide_1.11.2/stm32cubeide/plugins/com.st.stm32cube.ide.mcu.externaltools.gnu-tools-for-stm32.10.3-2021.10.win32_1.0.100.202210260954/tools/bin/../lib/gcc/arm-none-eabi/10.3.1/../../../../arm-none-eabi/lib/thumb/v7-m/nofp\libc_nano.a
END GROUP
START GROUP
LOAD e:/stm32_latest/stm32cubeide_1.11.2/stm32cubeide/plugins/com.st.stm32cube.ide.mcu.externaltools.gnu-tools-for-stm32.10.3-2021.10.win32_1.0.100.202210260954/tools/bin/../lib/gcc/arm-none-eabi/10.3.1/thumb/v7-m/nofp\libgcc.a
LOAD e:/stm32_latest/stm32cubeide_1.11.2/stm32cubeide/plugins/com.st.stm32cube.ide.mcu.externaltools.gnu-tools-for-stm32.10.3-2021.10.win32_1.0.100.202210260954/tools/bin/../lib/gcc/arm-none-eabi/10.3.1/../../../../arm-none-eabi/lib/thumb/v7-m/nofp\libc_nano.a
LOAD e:/stm32_latest/stm32cubeide_1.11.2/stm32cubeide/plugins/com.st.stm32cube.ide.mcu.externaltools.gnu-tools-for-stm32.10.3-2021.10.win32_1.0.100.202210260954/tools/bin/../lib/gcc/arm-none-eabi/10.3.1/../../../../arm-none-eabi/lib/thumb/v7-m/nofp\libnosys.a
END GROUP
START GROUP
LOAD e:/stm32_latest/stm32cubeide_1.11.2/stm32cubeide/plugins/com.st.stm32cube.ide.mcu.externaltools.gnu-tools-for-stm32.10.3-2021.10.win32_1.0.100.202210260954/tools/bin/../lib/gcc/arm-none-eabi/10.3.1/thumb/v7-m/nofp\libgcc.a
LOAD e:/stm32_latest/stm32cubeide_1.11.2/stm32cubeide/plugins/com.st.stm32cube.ide.mcu.externaltools.gnu-tools-for-stm32.10.3-2021.10.win32_1.0.100.202210260954/tools/bin/../lib/gcc/arm-none-eabi/10.3.1/../../../../arm-none-eabi/lib/thumb/v7-m/nofp\libc_nano.a
LOAD e:/stm32_latest/stm32cubeide_1.11.2/stm32cubeide/plugins/com.st.stm32cube.ide.mcu.externaltools.gnu-tools-for-stm32.10.3-2021.10.win32_1.0.100.202210260954/tools/bin/../lib/gcc/arm-none-eabi/10.3.1/../../../../arm-none-eabi/lib/thumb/v7-m/nofp\libnosys.a
END GROUP
LOAD e:/stm32_latest/stm32cubeide_1.11.2/stm32cubeide/plugins/com.st.stm32cube.ide.mcu.externaltools.gnu-tools-for-stm32.10.3-2021.10.win32_1.0.100.202210260954/tools/bin/../lib/gcc/arm-none-eabi/10.3.1/thumb/v7-m/nofp/crtend.o
LOAD e:/stm32_latest/stm32cubeide_1.11.2/stm32cubeide/plugins/com.st.stm32cube.ide.mcu.externaltools.gnu-tools-for-stm32.10.3-2021.10.win32_1.0.100.202210260954/tools/bin/../lib/gcc/arm-none-eabi/10.3.1/thumb/v7-m/nofp/crtn.o
                0x0000000020002800                _estack = (ORIGIN (RAM) + LENGTH (RAM))
                0x0000000000000200                _Min_Heap_Size = 0x200
                0x0000000000000400                _Min_Stack_Size = 0x400

.isr_vector     0x0000000008000000      0x130
                0x0000000008000000                . = ALIGN (0x4)
 *(.isr_vector)
 .isr_vector    0x0000000008000000      0x130 ./Startup/startup_stm32f103c6tx.o
                0x0000000008000000                g_pfnVectors
                0x0000000008000130                . = ALIGN (0x4)

.text           0x0000000008000130      0x658
                0x0000000008000130                . = ALIGN (0x4)
 *(.text)
 .text          0x0000000008000130       0x40 e:/stm32_latest/stm32cubeide_1.11.2/stm32cubeide/plugins/com.st.stm32cube.ide.mcu.externaltools.gnu-tools-for-stm32.10.3-2021.10.win32_1.0.100.202210260954/tools/bin/../lib/gcc/arm-none-eabi/10.3.1/thumb/v7-m/nofp/crtbegin.o
 *(.text*)
 .text.SVC_Handler
                0x0000000008000170       0x14 ./MY_RTOS/CortexMX_OS_Porting.o
                0x0000000008000170                SVC_Handler
 .text.FIFO_Init
                0x0000000008000184       0x40 ./MY_RTOS/MY_Rtos_FIFO.o
                0x0000000008000184                FIFO_Init
 .text.OS_SVC_Service
                0x00000000080001c4       0x44 ./MY_RTOS/Scheduler.o
                0x00000000080001c4                OS_SVC_Service
 .text.MyRTOS_Create_TaskStack
                0x0000000008000208       0x7e ./MY_RTOS/Scheduler.o
                0x0000000008000208                MyRTOS_Create_TaskStack
 .text.PendSV_Handler
                0x0000000008000286        0xc ./MY_RTOS/Scheduler.o
                0x0000000008000286                PendSV_Handler
 .text.MY_RTOS_IDLE_TASK
                0x0000000008000292        0x8 ./MY_RTOS/Scheduler.o
                0x0000000008000292                MY_RTOS_IDLE_TASK
 *fill*         0x000000000800029a        0x2 
 .text.MYRTOS_Create_Task
                0x000000000800029c       0x48 ./MY_RTOS/Scheduler.o
                0x000000000800029c                MYRTOS_Create_Task
 .text.MYRTOS_Create_MainStack
                0x00000000080002e4       0x3c ./MY_RTOS/Scheduler.o
                0x00000000080002e4                MYRTOS_Create_MainStack
 .text.MYRTOS_init
                0x0000000008000320       0x80 ./MY_RTOS/Scheduler.o
                0x0000000008000320                MYRTOS_init
 .text.EXTI0_IRQHandler
                0x00000000080003a0       0x28 ./STM32F103C6_Drivers/STM32F103C6_EXTI_Driver.o
                0x00000000080003a0                EXTI0_IRQHandler
 .text.EXTI1_IRQHandler
                0x00000000080003c8       0x28 ./STM32F103C6_Drivers/STM32F103C6_EXTI_Driver.o
                0x00000000080003c8                EXTI1_IRQHandler
 .text.EXTI2_IRQHandler
                0x00000000080003f0       0x28 ./STM32F103C6_Drivers/STM32F103C6_EXTI_Driver.o
                0x00000000080003f0                EXTI2_IRQHandler
 .text.EXTI3_IRQHandler
                0x0000000008000418       0x28 ./STM32F103C6_Drivers/STM32F103C6_EXTI_Driver.o
                0x0000000008000418                EXTI3_IRQHandler
 .text.EXTI4_IRQHandler
                0x0000000008000440       0x28 ./STM32F103C6_Drivers/STM32F103C6_EXTI_Driver.o
                0x0000000008000440                EXTI4_IRQHandler
 .text.EXTI9_5_IRQHandler
                0x0000000008000468       0xc4 ./STM32F103C6_Drivers/STM32F103C6_EXTI_Driver.o
                0x0000000008000468                EXTI9_5_IRQHandler
 .text.EXTI15_10_IRQHandler
                0x000000000800052c       0xe8 ./STM32F103C6_Drivers/STM32F103C6_EXTI_Driver.o
                0x000000000800052c                EXTI15_10_IRQHandler
 .text.task1    0x0000000008000614        0x6 ./Src/main.o
                0x0000000008000614                task1
 .text.task2    0x000000000800061a        0x6 ./Src/main.o
                0x000000000800061a                task2
 .text.task3    0x0000000008000620        0x6 ./Src/main.o
                0x0000000008000620                task3
 *fill*         0x0000000008000626        0x2 
 .text.main     0x0000000008000628       0xac ./Src/main.o
                0x0000000008000628                main
 .text.Reset_Handler
                0x00000000080006d4       0x50 ./Startup/startup_stm32f103c6tx.o
                0x00000000080006d4                Reset_Handler
 .text.Default_Handler
                0x0000000008000724        0x2 ./Startup/startup_stm32f103c6tx.o
                0x0000000008000724                TIM8_TRG_COM_IRQHandler
                0x0000000008000724                TIM8_CC_IRQHandler
                0x0000000008000724                DebugMon_Handler
                0x0000000008000724                TIM1_CC_IRQHandler
                0x0000000008000724                HardFault_Handler
                0x0000000008000724                TIM6_IRQHandler
                0x0000000008000724                SysTick_Handler
                0x0000000008000724                PVD_IRQHandler
                0x0000000008000724                SDIO_IRQHandler
                0x0000000008000724                NMI_Handler
                0x0000000008000724                USB_HP_CAN_TX_IRQHandler
                0x0000000008000724                I2C2_EV_IRQHandler
                0x0000000008000724                UsageFault_Handler
                0x0000000008000724                ADC1_2_IRQHandler
                0x0000000008000724                SPI1_IRQHandler
                0x0000000008000724                CAN_SCE_IRQHandler
                0x0000000008000724                TAMPER_IRQHandler
                0x0000000008000724                TIM8_UP_IRQHandler
                0x0000000008000724                DMA2_Channel2_IRQHandler
                0x0000000008000724                DMA1_Channel4_IRQHandler
                0x0000000008000724                USART3_IRQHandler
                0x0000000008000724                RTC_IRQHandler
                0x0000000008000724                DMA1_Channel7_IRQHandler
                0x0000000008000724                UART5_IRQHandler
                0x0000000008000724                ADC3_IRQHandler
                0x0000000008000724                TIM4_IRQHandler
                0x0000000008000724                CAN_RX1_IRQHandler
                0x0000000008000724                DMA2_Channel1_IRQHandler
                0x0000000008000724                I2C1_EV_IRQHandler
                0x0000000008000724                DMA1_Channel6_IRQHandler
                0x0000000008000724                UART4_IRQHandler
                0x0000000008000724                TIM3_IRQHandler
                0x0000000008000724                RCC_IRQHandler
                0x0000000008000724                TIM1_TRG_COM_IRQHandler
                0x0000000008000724                DMA1_Channel1_IRQHandler
                0x0000000008000724                Default_Handler
                0x0000000008000724                TIM7_IRQHandler
                0x0000000008000724                TIM5_IRQHandler
                0x0000000008000724                SPI2_IRQHandler
                0x0000000008000724                USB_LP_CAN_RX0_IRQHandler
                0x0000000008000724                MemManage_Handler
                0x0000000008000724                DMA1_Channel5_IRQHandler
                0x0000000008000724                DMA1_Channel3_IRQHandler
                0x0000000008000724                FSMC_IRQHandler
                0x0000000008000724                TIM1_UP_IRQHandler
                0x0000000008000724                WWDG_IRQHandler
                0x0000000008000724                TIM2_IRQHandler
                0x0000000008000724                TIM1_BRK_IRQHandler
                0x0000000008000724                RTCAlarm_IRQHandler
                0x0000000008000724                DMA2_Channel4_5_IRQHandler
                0x0000000008000724                USART2_IRQHandler
                0x0000000008000724                I2C2_ER_IRQHandler
                0x0000000008000724                DMA1_Channel2_IRQHandler
                0x0000000008000724                TIM8_BRK_IRQHandler
                0x0000000008000724                FLASH_IRQHandler
                0x0000000008000724                BusFault_Handler
                0x0000000008000724                USART1_IRQHandler
                0x0000000008000724                SPI3_IRQHandler
                0x0000000008000724                I2C1_ER_IRQHandler
                0x0000000008000724                DMA2_Channel3_IRQHandler
 *fill*         0x0000000008000726        0x2 
 .text.__libc_init_array
                0x0000000008000728       0x48 e:/stm32_latest/stm32cubeide_1.11.2/stm32cubeide/plugins/com.st.stm32cube.ide.mcu.externaltools.gnu-tools-for-stm32.10.3-2021.10.win32_1.0.100.202210260954/tools/bin/../lib/gcc/arm-none-eabi/10.3.1/../../../../arm-none-eabi/lib/thumb/v7-m/nofp\libc_nano.a(lib_a-init.o)
                0x0000000008000728                __libc_init_array
 *(.glue_7)
 .glue_7        0x0000000008000770        0x0 linker stubs
 *(.glue_7t)
 .glue_7t       0x0000000008000770        0x0 linker stubs
 *(.eh_frame)
 .eh_frame      0x0000000008000770        0x0 e:/stm32_latest/stm32cubeide_1.11.2/stm32cubeide/plugins/com.st.stm32cube.ide.mcu.externaltools.gnu-tools-for-stm32.10.3-2021.10.win32_1.0.100.202210260954/tools/bin/../lib/gcc/arm-none-eabi/10.3.1/thumb/v7-m/nofp/crtbegin.o
 *(.init)
 .init          0x0000000008000770        0x4 e:/stm32_latest/stm32cubeide_1.11.2/stm32cubeide/plugins/com.st.stm32cube.ide.mcu.externaltools.gnu-tools-for-stm32.10.3-2021.10.win32_1.0.100.202210260954/tools/bin/../lib/gcc/arm-none-eabi/10.3.1/thumb/v7-m/nofp/crti.o
                0x0000000008000770                _init
 .init          0x0000000008000774        0x8 e:/stm32_latest/stm32cubeide_1.11.2/stm32cubeide/plugins/com.st.stm32cube.ide.mcu.externaltools.gnu-tools-for-stm32.10.3-2021.10.win32_1.0.100.202210260954/tools/bin/../lib/gcc/arm-none-eabi/10.3.1/thumb/v7-m/nofp/crtn.o
 *(.fini)
 .fini          0x000000000800077c        0x4 e:/stm32_latest/stm32cubeide_1.11.2/stm32cubeide/plugins/com.st.stm32cube.ide.mcu.externaltools.gnu-tools-for-stm32.10.3-2021.10.win32_1.0.100.202210260954/tools/bin/../lib/gcc/arm-none-eabi/10.3.1/thumb/v7-m/nofp/crti.o
                0x000000000800077c                _fini
 .fini          0x0000000008000780        0x8 e:/stm32_latest/stm32cubeide_1.11.2/stm32cubeide/plugins/com.st.stm32cube.ide.mcu.externaltools.gnu-tools-for-stm32.10.3-2021.10.win32_1.0.100.202210260954/tools/bin/../lib/gcc/arm-none-eabi/10.3.1/thumb/v7-m/nofp/crtn.o
                0x0000000008000788                . = ALIGN (0x4)
                0x0000000008000788                _etext = .

.vfp11_veneer   0x0000000008000788        0x0
 .vfp11_veneer  0x0000000008000788        0x0 linker stubs

.v4_bx          0x0000000008000788        0x0
 .v4_bx         0x0000000008000788        0x0 linker stubs

.iplt           0x0000000008000788        0x0
 .iplt          0x0000000008000788        0x0 e:/stm32_latest/stm32cubeide_1.11.2/stm32cubeide/plugins/com.st.stm32cube.ide.mcu.externaltools.gnu-tools-for-stm32.10.3-2021.10.win32_1.0.100.202210260954/tools/bin/../lib/gcc/arm-none-eabi/10.3.1/thumb/v7-m/nofp/crtbegin.o

.rodata         0x0000000008000788       0x24
                0x0000000008000788                . = ALIGN (0x4)
 *(.rodata)
 .rodata        0x0000000008000788        0x9 ./MY_RTOS/Scheduler.o
 *fill*         0x0000000008000791        0x3 
 .rodata        0x0000000008000794       0x16 ./Src/main.o
 *(.rodata*)
                0x00000000080007ac                . = ALIGN (0x4)
 *fill*         0x00000000080007aa        0x2 

.rel.dyn        0x00000000080007ac        0x0
 .rel.iplt      0x00000000080007ac        0x0 e:/stm32_latest/stm32cubeide_1.11.2/stm32cubeide/plugins/com.st.stm32cube.ide.mcu.externaltools.gnu-tools-for-stm32.10.3-2021.10.win32_1.0.100.202210260954/tools/bin/../lib/gcc/arm-none-eabi/10.3.1/thumb/v7-m/nofp/crtbegin.o

.ARM.extab      0x00000000080007ac        0x0
                0x00000000080007ac                . = ALIGN (0x4)
 *(.ARM.extab* .gnu.linkonce.armextab.*)
                0x00000000080007ac                . = ALIGN (0x4)

.ARM            0x00000000080007ac        0x0
                0x00000000080007ac                . = ALIGN (0x4)
                0x00000000080007ac                __exidx_start = .
 *(.ARM.exidx*)
                0x00000000080007ac                __exidx_end = .
                0x00000000080007ac                . = ALIGN (0x4)

.preinit_array  0x00000000080007ac        0x0
                0x00000000080007ac                . = ALIGN (0x4)
                0x00000000080007ac                PROVIDE (__preinit_array_start = .)
 *(.preinit_array*)
                0x00000000080007ac                PROVIDE (__preinit_array_end = .)
                0x00000000080007ac                . = ALIGN (0x4)

.init_array     0x00000000080007ac        0x4
                0x00000000080007ac                . = ALIGN (0x4)
                0x00000000080007ac                PROVIDE (__init_array_start = .)
 *(SORT_BY_NAME(.init_array.*))
 *(.init_array*)
 .init_array    0x00000000080007ac        0x4 e:/stm32_latest/stm32cubeide_1.11.2/stm32cubeide/plugins/com.st.stm32cube.ide.mcu.externaltools.gnu-tools-for-stm32.10.3-2021.10.win32_1.0.100.202210260954/tools/bin/../lib/gcc/arm-none-eabi/10.3.1/thumb/v7-m/nofp/crtbegin.o
                0x00000000080007b0                PROVIDE (__init_array_end = .)
                0x00000000080007b0                . = ALIGN (0x4)

.fini_array     0x00000000080007b0        0x4
                0x00000000080007b0                . = ALIGN (0x4)
                [!provide]                        PROVIDE (__fini_array_start = .)
 *(SORT_BY_NAME(.fini_array.*))
 *(.fini_array*)
 .fini_array    0x00000000080007b0        0x4 e:/stm32_latest/stm32cubeide_1.11.2/stm32cubeide/plugins/com.st.stm32cube.ide.mcu.externaltools.gnu-tools-for-stm32.10.3-2021.10.win32_1.0.100.202210260954/tools/bin/../lib/gcc/arm-none-eabi/10.3.1/thumb/v7-m/nofp/crtbegin.o
                [!provide]                        PROVIDE (__fini_array_end = .)
                0x00000000080007b4                . = ALIGN (0x4)
                0x00000000080007b4                _sidata = LOADADDR (.data)

.data           0x0000000020000000        0x4 load address 0x00000000080007b4
                0x0000000020000000                . = ALIGN (0x4)
                0x0000000020000000                _sdata = .
 *(.data)
 *(.data*)
 .data.EXTI_PTR
                0x0000000020000000        0x4 ./STM32F103C6_Drivers/STM32F103C6_EXTI_Driver.o
                0x0000000020000000                EXTI_PTR
                0x0000000020000004                . = ALIGN (0x4)
                0x0000000020000004                _edata = .

.igot.plt       0x0000000020000004        0x0 load address 0x00000000080007b8
 .igot.plt      0x0000000020000004        0x0 e:/stm32_latest/stm32cubeide_1.11.2/stm32cubeide/plugins/com.st.stm32cube.ide.mcu.externaltools.gnu-tools-for-stm32.10.3-2021.10.win32_1.0.100.202210260954/tools/bin/../lib/gcc/arm-none-eabi/10.3.1/thumb/v7-m/nofp/crtbegin.o
                0x0000000020000004                . = ALIGN (0x4)

.bss            0x0000000020000004      0x508 load address 0x00000000080007b8
                0x0000000020000004                _sbss = .
                0x0000000020000004                __bss_start__ = _sbss
 *(.bss)
 .bss           0x0000000020000004       0x1c e:/stm32_latest/stm32cubeide_1.11.2/stm32cubeide/plugins/com.st.stm32cube.ide.mcu.externaltools.gnu-tools-for-stm32.10.3-2021.10.win32_1.0.100.202210260954/tools/bin/../lib/gcc/arm-none-eabi/10.3.1/thumb/v7-m/nofp/crtbegin.o
 *(.bss*)
 .bss.OS_Control
                0x0000000020000020      0x1ac ./MY_RTOS/Scheduler.o
                0x0000000020000020                OS_Control
 .bss.Ready_Queue
                0x00000000200001cc       0x14 ./MY_RTOS/Scheduler.o
                0x00000000200001cc                Ready_Queue
 .bss.Ready_FIFO
                0x00000000200001e0      0x190 ./MY_RTOS/Scheduler.o
                0x00000000200001e0                Ready_FIFO
 .bss.IDLE_TASK
                0x0000000020000370       0x58 ./MY_RTOS/Scheduler.o
                0x0000000020000370                IDLE_TASK
 .bss.GP_IRQ_CallBack
                0x00000000200003c8       0x3c ./STM32F103C6_Drivers/STM32F103C6_EXTI_Driver.o
                0x00000000200003c8                GP_IRQ_CallBack
 .bss.Task1     0x0000000020000404       0x58 ./Src/main.o
                0x0000000020000404                Task1
 .bss.Task2     0x000000002000045c       0x58 ./Src/main.o
                0x000000002000045c                Task2
 .bss.Task3     0x00000000200004b4       0x58 ./Src/main.o
                0x00000000200004b4                Task3
 *(COMMON)
                0x000000002000050c                . = ALIGN (0x4)
                0x000000002000050c                _ebss = .
                0x000000002000050c                __bss_end__ = _ebss

._user_heap_stack
                0x000000002000050c      0x604 load address 0x00000000080007b8
                0x0000000020000510                . = ALIGN (0x8)
 *fill*         0x000000002000050c        0x4 
                [!provide]                        PROVIDE (end = .)
                0x0000000020000510                PROVIDE (_end = .)
                0x0000000020000710                . = (. + _Min_Heap_Size)
 *fill*         0x0000000020000510      0x200 
                0x0000000020000b10                . = (. + _Min_Stack_Size)
 *fill*         0x0000000020000710      0x400 
                0x0000000020000b10                . = ALIGN (0x8)

/DISCARD/
 libc.a(*)
 libm.a(*)
 libgcc.a(*)

.ARM.attributes
                0x0000000000000000       0x29
 *(.ARM.attributes)
 .ARM.attributes
                0x0000000000000000       0x1d e:/stm32_latest/stm32cubeide_1.11.2/stm32cubeide/plugins/com.st.stm32cube.ide.mcu.externaltools.gnu-tools-for-stm32.10.3-2021.10.win32_1.0.100.202210260954/tools/bin/../lib/gcc/arm-none-eabi/10.3.1/thumb/v7-m/nofp/crti.o
 .ARM.attributes
                0x000000000000001d       0x2d e:/stm32_latest/stm32cubeide_1.11.2/stm32cubeide/plugins/com.st.stm32cube.ide.mcu.externaltools.gnu-tools-for-stm32.10.3-2021.10.win32_1.0.100.202210260954/tools/bin/../lib/gcc/arm-none-eabi/10.3.1/thumb/v7-m/nofp/crtbegin.o
 .ARM.attributes
                0x000000000000004a       0x2d ./MY_RTOS/CortexMX_OS_Porting.o
 .ARM.attributes
                0x0000000000000077       0x2d ./MY_RTOS/MY_Rtos_FIFO.o
 .ARM.attributes
                0x00000000000000a4       0x2d ./MY_RTOS/Scheduler.o
 .ARM.attributes
                0x00000000000000d1       0x2d ./STM32F103C6_Drivers/STM32F103C6_EXTI_Driver.o
 .ARM.attributes
                0x00000000000000fe       0x2d ./Src/main.o
 .ARM.attributes
                0x000000000000012b       0x21 ./Startup/startup_stm32f103c6tx.o
 .ARM.attributes
                0x000000000000014c       0x2d e:/stm32_latest/stm32cubeide_1.11.2/stm32cubeide/plugins/com.st.stm32cube.ide.mcu.externaltools.gnu-tools-for-stm32.10.3-2021.10.win32_1.0.100.202210260954/tools/bin/../lib/gcc/arm-none-eabi/10.3.1/../../../../arm-none-eabi/lib/thumb/v7-m/nofp\libc_nano.a(lib_a-init.o)
 .ARM.attributes
                0x0000000000000179       0x1d e:/stm32_latest/stm32cubeide_1.11.2/stm32cubeide/plugins/com.st.stm32cube.ide.mcu.externaltools.gnu-tools-for-stm32.10.3-2021.10.win32_1.0.100.202210260954/tools/bin/../lib/gcc/arm-none-eabi/10.3.1/thumb/v7-m/nofp/crtn.o
OUTPUT(RTOS_Project_First_Session.axf elf32-littlearm)
LOAD linker stubs
LOAD e:/stm32_latest/stm32cubeide_1.11.2/stm32cubeide/plugins/com.st.stm32cube.ide.mcu.externaltools.gnu-tools-for-stm32.10.3-2021.10.win32_1.0.100.202210260954/tools/bin/../lib/gcc/arm-none-eabi/10.3.1/../../../../arm-none-eabi/lib/thumb/v7-m/nofp\libc.a
LOAD e:/stm32_latest/stm32cubeide_1.11.2/stm32cubeide/plugins/com.st.stm32cube.ide.mcu.externaltools.gnu-tools-for-stm32.10.3-2021.10.win32_1.0.100.202210260954/tools/bin/../lib/gcc/arm-none-eabi/10.3.1/../../../../arm-none-eabi/lib/thumb/v7-m/nofp\libm.a
LOAD e:/stm32_latest/stm32cubeide_1.11.2/stm32cubeide/plugins/com.st.stm32cube.ide.mcu.externaltools.gnu-tools-for-stm32.10.3-2021.10.win32_1.0.100.202210260954/tools/bin/../lib/gcc/arm-none-eabi/10.3.1/thumb/v7-m/nofp\libgcc.a

.debug_info     0x0000000000000000     0x1269
 .debug_info    0x0000000000000000       0x89 ./MY_RTOS/CortexMX_OS_Porting.o
 .debug_info    0x0000000000000089      0x40e ./MY_RTOS/MY_Rtos_FIFO.o
 .debug_info    0x0000000000000497      0x56f ./MY_RTOS/Scheduler.o
 .debug_info    0x0000000000000a06      0x55a ./STM32F103C6_Drivers/STM32F103C6_EXTI_Driver.o
 .debug_info    0x0000000000000f60      0x2e7 ./Src/main.o
 .debug_info    0x0000000000001247       0x22 ./Startup/startup_stm32f103c6tx.o

.debug_abbrev   0x0000000000000000      0x68f
 .debug_abbrev  0x0000000000000000       0x47 ./MY_RTOS/CortexMX_OS_Porting.o
 .debug_abbrev  0x0000000000000047      0x1a3 ./MY_RTOS/MY_Rtos_FIFO.o
 .debug_abbrev  0x00000000000001ea      0x1b3 ./MY_RTOS/Scheduler.o
 .debug_abbrev  0x000000000000039d      0x19a ./STM32F103C6_Drivers/STM32F103C6_EXTI_Driver.o
 .debug_abbrev  0x0000000000000537      0x146 ./Src/main.o
 .debug_abbrev  0x000000000000067d       0x12 ./Startup/startup_stm32f103c6tx.o

.debug_aranges  0x0000000000000000      0x198
 .debug_aranges
                0x0000000000000000       0x20 ./MY_RTOS/CortexMX_OS_Porting.o
 .debug_aranges
                0x0000000000000020       0x40 ./MY_RTOS/MY_Rtos_FIFO.o
 .debug_aranges
                0x0000000000000060       0x58 ./MY_RTOS/Scheduler.o
 .debug_aranges
                0x00000000000000b8       0x80 ./STM32F103C6_Drivers/STM32F103C6_EXTI_Driver.o
 .debug_aranges
                0x0000000000000138       0x38 ./Src/main.o
 .debug_aranges
                0x0000000000000170       0x28 ./Startup/startup_stm32f103c6tx.o

.debug_ranges   0x0000000000000000      0x140
 .debug_ranges  0x0000000000000000       0x10 ./MY_RTOS/CortexMX_OS_Porting.o
 .debug_ranges  0x0000000000000010       0x30 ./MY_RTOS/MY_Rtos_FIFO.o
 .debug_ranges  0x0000000000000040       0x48 ./MY_RTOS/Scheduler.o
 .debug_ranges  0x0000000000000088       0x70 ./STM32F103C6_Drivers/STM32F103C6_EXTI_Driver.o
 .debug_ranges  0x00000000000000f8       0x28 ./Src/main.o
 .debug_ranges  0x0000000000000120       0x20 ./Startup/startup_stm32f103c6tx.o

.debug_macro    0x0000000000000000     0x184b
 .debug_macro   0x0000000000000000       0xb9 ./MY_RTOS/CortexMX_OS_Porting.o
 .debug_macro   0x00000000000000b9       0x28 ./MY_RTOS/CortexMX_OS_Porting.o
 .debug_macro   0x00000000000000e1       0x8e ./MY_RTOS/CortexMX_OS_Porting.o
 .debug_macro   0x000000000000016f       0x51 ./MY_RTOS/CortexMX_OS_Porting.o
 .debug_macro   0x00000000000001c0       0x1c ./MY_RTOS/CortexMX_OS_Porting.o
 .debug_macro   0x00000000000001dc       0x22 ./MY_RTOS/CortexMX_OS_Porting.o
 .debug_macro   0x00000000000001fe       0xdf ./MY_RTOS/CortexMX_OS_Porting.o
 .debug_macro   0x00000000000002dd      0xe34 ./MY_RTOS/CortexMX_OS_Porting.o
 .debug_macro   0x0000000000001111       0x2e ./MY_RTOS/CortexMX_OS_Porting.o
 .debug_macro   0x000000000000113f       0xd2 ./MY_RTOS/MY_Rtos_FIFO.o
 .debug_macro   0x0000000000001211       0x10 ./MY_RTOS/MY_Rtos_FIFO.o
 .debug_macro   0x0000000000001221       0xd6 ./MY_RTOS/Scheduler.o
 .debug_macro   0x00000000000012f7      0x169 ./STM32F103C6_Drivers/STM32F103C6_EXTI_Driver.o
 .debug_macro   0x0000000000001460      0x220 ./STM32F103C6_Drivers/STM32F103C6_EXTI_Driver.o
 .debug_macro   0x0000000000001680      0x1cb ./Src/main.o

.debug_line     0x0000000000000000     0x23ec
 .debug_line    0x0000000000000000      0x4e5 ./MY_RTOS/CortexMX_OS_Porting.o
 .debug_line    0x00000000000004e5      0x691 ./MY_RTOS/MY_Rtos_FIFO.o
 .debug_line    0x0000000000000b76      0x68b ./MY_RTOS/Scheduler.o
 .debug_line    0x0000000000001201      0x9ef ./STM32F103C6_Drivers/STM32F103C6_EXTI_Driver.o
 .debug_line    0x0000000000001bf0      0x778 ./Src/main.o
 .debug_line    0x0000000000002368       0x84 ./Startup/startup_stm32f103c6tx.o

.debug_str      0x0000000000000000     0xeb4f
 .debug_str     0x0000000000000000     0x94af ./MY_RTOS/CortexMX_OS_Porting.o
                                       0x9619 (size before relaxing)
 .debug_str     0x00000000000094af      0x1e4 ./MY_RTOS/MY_Rtos_FIFO.o
                                       0x97e1 (size before relaxing)
 .debug_str     0x0000000000009693      0x1be ./MY_RTOS/Scheduler.o
                                       0x9941 (size before relaxing)
 .debug_str     0x0000000000009851     0x5296 ./STM32F103C6_Drivers/STM32F103C6_EXTI_Driver.o
                                       0x8f13 (size before relaxing)
 .debug_str     0x000000000000eae7       0x37 ./Src/main.o
                                       0xe742 (size before relaxing)
 .debug_str     0x000000000000eb1e       0x31 ./Startup/startup_stm32f103c6tx.o
                                         0x83 (size before relaxing)

.comment        0x0000000000000000       0x50
 .comment       0x0000000000000000       0x50 ./MY_RTOS/CortexMX_OS_Porting.o
                                         0x51 (size before relaxing)
 .comment       0x0000000000000050       0x51 ./MY_RTOS/MY_Rtos_FIFO.o
 .comment       0x0000000000000050       0x51 ./MY_RTOS/Scheduler.o
 .comment       0x0000000000000050       0x51 ./STM32F103C6_Drivers/STM32F103C6_EXTI_Driver.o
 .comment       0x0000000000000050       0x51 ./Src/main.o

.debug_frame    0x0000000000000000      0x468
 .debug_frame   0x0000000000000000       0x20 ./MY_RTOS/CortexMX_OS_Porting.o
 .debug_frame   0x0000000000000020       0xd0 ./MY_RTOS/MY_Rtos_FIFO.o
 .debug_frame   0x00000000000000f0      0x128 ./MY_RTOS/Scheduler.o
 .debug_frame   0x0000000000000218      0x1b0 ./STM32F103C6_Drivers/STM32F103C6_EXTI_Driver.o
 .debug_frame   0x00000000000003c8       0x74 ./Src/main.o
 .debug_frame   0x000000000000043c       0x2c e:/stm32_latest/stm32cubeide_1.11.2/stm32cubeide/plugins/com.st.stm32cube.ide.mcu.externaltools.gnu-tools-for-stm32.10.3-2021.10.win32_1.0.100.202210260954/tools/bin/../lib/gcc/arm-none-eabi/10.3.1/../../../../arm-none-eabi/lib/thumb/v7-m/nofp\libc_nano.a(lib_a-init.o)

.debug_loc      0x0000000000000000      0x7ec
 .debug_loc     0x0000000000000000      0x1b4 ./MY_RTOS/MY_Rtos_FIFO.o
 .debug_loc     0x00000000000001b4      0x268 ./MY_RTOS/Scheduler.o
 .debug_loc     0x000000000000041c      0x320 ./STM32F103C6_Drivers/STM32F103C6_EXTI_Driver.o
 .debug_loc     0x000000000000073c       0xb0 ./Src/main.o
