Archive member included to satisfy reference by file (symbol)

e:/stm32_latest/stm32cubeide_1.11.2/stm32cubeide/plugins/com.st.stm32cube.ide.mcu.externaltools.gnu-tools-for-stm32.10.3-2021.10.win32_1.0.100.202210260954/tools/bin/../lib/gcc/arm-none-eabi/10.3.1/../../../../arm-none-eabi/lib/thumb/v7-m/nofp\libc_nano.a(lib_a-errno.o)
                              ./Src/syscalls.o (__errno)
e:/stm32_latest/stm32cubeide_1.11.2/stm32cubeide/plugins/com.st.stm32cube.ide.mcu.externaltools.gnu-tools-for-stm32.10.3-2021.10.win32_1.0.100.202210260954/tools/bin/../lib/gcc/arm-none-eabi/10.3.1/../../../../arm-none-eabi/lib/thumb/v7-m/nofp\libc_nano.a(lib_a-exit.o)
                              e:/stm32_latest/stm32cubeide_1.11.2/stm32cubeide/plugins/com.st.stm32cube.ide.mcu.externaltools.gnu-tools-for-stm32.10.3-2021.10.win32_1.0.100.202210260954/tools/bin/../lib/gcc/arm-none-eabi/10.3.1/../../../../arm-none-eabi/lib/thumb/v7-m/nofp/crt0.o (exit)
e:/stm32_latest/stm32cubeide_1.11.2/stm32cubeide/plugins/com.st.stm32cube.ide.mcu.externaltools.gnu-tools-for-stm32.10.3-2021.10.win32_1.0.100.202210260954/tools/bin/../lib/gcc/arm-none-eabi/10.3.1/../../../../arm-none-eabi/lib/thumb/v7-m/nofp\libc_nano.a(lib_a-impure.o)
                              e:/stm32_latest/stm32cubeide_1.11.2/stm32cubeide/plugins/com.st.stm32cube.ide.mcu.externaltools.gnu-tools-for-stm32.10.3-2021.10.win32_1.0.100.202210260954/tools/bin/../lib/gcc/arm-none-eabi/10.3.1/../../../../arm-none-eabi/lib/thumb/v7-m/nofp\libc_nano.a(lib_a-exit.o) (_global_impure_ptr)
e:/stm32_latest/stm32cubeide_1.11.2/stm32cubeide/plugins/com.st.stm32cube.ide.mcu.externaltools.gnu-tools-for-stm32.10.3-2021.10.win32_1.0.100.202210260954/tools/bin/../lib/gcc/arm-none-eabi/10.3.1/../../../../arm-none-eabi/lib/thumb/v7-m/nofp\libc_nano.a(lib_a-init.o)
                              e:/stm32_latest/stm32cubeide_1.11.2/stm32cubeide/plugins/com.st.stm32cube.ide.mcu.externaltools.gnu-tools-for-stm32.10.3-2021.10.win32_1.0.100.202210260954/tools/bin/../lib/gcc/arm-none-eabi/10.3.1/../../../../arm-none-eabi/lib/thumb/v7-m/nofp/crt0.o (__libc_init_array)
e:/stm32_latest/stm32cubeide_1.11.2/stm32cubeide/plugins/com.st.stm32cube.ide.mcu.externaltools.gnu-tools-for-stm32.10.3-2021.10.win32_1.0.100.202210260954/tools/bin/../lib/gcc/arm-none-eabi/10.3.1/../../../../arm-none-eabi/lib/thumb/v7-m/nofp\libc_nano.a(lib_a-memset.o)
                              e:/stm32_latest/stm32cubeide_1.11.2/stm32cubeide/plugins/com.st.stm32cube.ide.mcu.externaltools.gnu-tools-for-stm32.10.3-2021.10.win32_1.0.100.202210260954/tools/bin/../lib/gcc/arm-none-eabi/10.3.1/../../../../arm-none-eabi/lib/thumb/v7-m/nofp/crt0.o (memset)
e:/stm32_latest/stm32cubeide_1.11.2/stm32cubeide/plugins/com.st.stm32cube.ide.mcu.externaltools.gnu-tools-for-stm32.10.3-2021.10.win32_1.0.100.202210260954/tools/bin/../lib/gcc/arm-none-eabi/10.3.1/../../../../arm-none-eabi/lib/thumb/v7-m/nofp\libc_nano.a(lib_a-printf.o)
                              ./MY_RTOS/MY_Rtos_FIFO.o (printf)
e:/stm32_latest/stm32cubeide_1.11.2/stm32cubeide/plugins/com.st.stm32cube.ide.mcu.externaltools.gnu-tools-for-stm32.10.3-2021.10.win32_1.0.100.202210260954/tools/bin/../lib/gcc/arm-none-eabi/10.3.1/../../../../arm-none-eabi/lib/thumb/v7-m/nofp\libc_nano.a(lib_a-puts.o)
                              ./MY_RTOS/MY_Rtos_FIFO.o (puts)
e:/stm32_latest/stm32cubeide_1.11.2/stm32cubeide/plugins/com.st.stm32cube.ide.mcu.externaltools.gnu-tools-for-stm32.10.3-2021.10.win32_1.0.100.202210260954/tools/bin/../lib/gcc/arm-none-eabi/10.3.1/../../../../arm-none-eabi/lib/thumb/v7-m/nofp\libc_nano.a(lib_a-strcmp.o)
                              ./MY_RTOS/Scheduler.o (strcmp)
e:/stm32_latest/stm32cubeide_1.11.2/stm32cubeide/plugins/com.st.stm32cube.ide.mcu.externaltools.gnu-tools-for-stm32.10.3-2021.10.win32_1.0.100.202210260954/tools/bin/../lib/gcc/arm-none-eabi/10.3.1/../../../../arm-none-eabi/lib/thumb/v7-m/nofp\libc_nano.a(lib_a-wbuf.o)
                              e:/stm32_latest/stm32cubeide_1.11.2/stm32cubeide/plugins/com.st.stm32cube.ide.mcu.externaltools.gnu-tools-for-stm32.10.3-2021.10.win32_1.0.100.202210260954/tools/bin/../lib/gcc/arm-none-eabi/10.3.1/../../../../arm-none-eabi/lib/thumb/v7-m/nofp\libc_nano.a(lib_a-puts.o) (__swbuf_r)
e:/stm32_latest/stm32cubeide_1.11.2/stm32cubeide/plugins/com.st.stm32cube.ide.mcu.externaltools.gnu-tools-for-stm32.10.3-2021.10.win32_1.0.100.202210260954/tools/bin/../lib/gcc/arm-none-eabi/10.3.1/../../../../arm-none-eabi/lib/thumb/v7-m/nofp\libc_nano.a(lib_a-wsetup.o)
                              e:/stm32_latest/stm32cubeide_1.11.2/stm32cubeide/plugins/com.st.stm32cube.ide.mcu.externaltools.gnu-tools-for-stm32.10.3-2021.10.win32_1.0.100.202210260954/tools/bin/../lib/gcc/arm-none-eabi/10.3.1/../../../../arm-none-eabi/lib/thumb/v7-m/nofp\libc_nano.a(lib_a-puts.o) (__swsetup_r)
[...]
Memory Configuration

Name             Origin             Length             Attributes
RAM              0x0000000020000000 0x0000000000002800 xrw
ROM              0x0000000008000000 0x0000000000008000 xr
*default*        0x0000000000000000 0xffffffffffffffff

Linker script and memory map

LOAD e:/stm32_latest/stm32cubeide_1.11.2/stm32cubeide/plugins/com.st.stm32cube.ide.mcu.externaltools.gnu-tools-for-stm32.10.3-2021.10.win32_1.0.100.202210260954/tools/bin/../lib/gcc/arm-none-eabi/10.3.1/thumb/v7-m/nofp/crti.o
LOAD e:/stm32_latest/stm32cubeide_1.11.2/stm32cubeide/plugins/com.st.stm32cube.ide.mcu.externaltools.gnu-tools-for-stm32.10.3-2021.10.win32_1.0.100.202210260954/tools/bin/../lib/gcc/arm-none-eabi/10.3.1/thumb/v7-m/nofp/crtbegin.o
LOAD e:/stm32_latest/stm32cubeide_1.11.2/stm32cubeide/plugins/com.st.stm32cube.ide.mcu.externaltools.gnu-tools-for-stm32.10.3-2021.10.win32_1.0.100.202210260954/tools/bin/../lib/gcc/arm-none-eabi/10.3.1/../../../../arm-none-eabi/lib/thumb/v7-m/nofp/crt0.o
LOAD ./HAL/Key_Pad_Driver.o
LOAD ./HAL/LCD.o
LOAD ./MY_RTOS/CortexMX_OS_Porting.o
LOAD ./MY_RTOS/MY_Rtos_FIFO.o
LOAD ./MY_RTOS/Scheduler.o
LOAD ./STM32F103C6_Drivers/GPIO/STM32F103C6_GPIO_Driver.o
LOAD ./STM32F103C6_Drivers/STM32F103C6_EXTI_Driver.o
LOAD ./Src/main.o
LOAD ./Src/syscalls.o
LOAD ./Src/sysmem.o
LOAD ./Startup/startup_stm32f103c6tx.o
START GROUP
LOAD e:/stm32_latest/stm32cubeide_1.11.2/stm32cubeide/plugins/com.st.stm32cube.ide.mcu.externaltools.gnu-tools-for-stm32.10.3-2021.10.win32_1.0.100.202210260954/tools/bin/../lib/gcc/arm-none-eabi/10.3.1/../../../../arm-none-eabi/lib/thumb/v7-m/nofp\libc_nano.a
LOAD e:/stm32_latest/stm32cubeide_1.11.2/stm32cubeide/plugins/com.st.stm32cube.ide.mcu.externaltools.gnu-tools-for-stm32.10.3-2021.10.win32_1.0.100.202210260954/tools/bin/../lib/gcc/arm-none-eabi/10.3.1/../../../../arm-none-eabi/lib/thumb/v7-m/nofp\libm.a
END GROUP
START GROUP
LOAD e:/stm32_latest/stm32cubeide_1.11.2/stm32cubeide/plugins/com.st.stm32cube.ide.mcu.externaltools.gnu-tools-for-stm32.10.3-2021.10.win32_1.0.100.202210260954/tools/bin/../lib/gcc/arm-none-eabi/10.3.1/thumb/v7-m/nofp\libgcc.a
LOAD e:/stm32_latest/stm32cubeide_1.11.2/stm32cubeide/plugins/com.st.stm32cube.ide.mcu.externaltools.gnu-tools-for-stm32.10.3-2021.10.win32_1.0.100.202210260954/tools/bin/../lib/gcc/arm-none-eabi/10.3.1/../../../../arm-none-eabi/lib/thumb/v7-m/nofp\libg_nano.a
LOAD e:/stm32_latest/stm32cubeide_1.11.2/stm32cubeide/plugins/com.st.stm32cube.ide.mcu.externaltools.gnu-tools-for-stm32.10.3-2021.10.win32_1.0.100.202210260954/tools/bin/../lib/gcc/arm-none-eabi/10.3.1/../../../../arm-none-eabi/lib/thumb/v7-m/nofp\libc_nano.a
END GROUP
START GROUP
LOAD e:/stm32_latest/stm32cubeide_1.11.2/stm32cubeide/plugins/com.st.stm32cube.ide.mcu.externaltools.gnu-tools-for-stm32.10.3-2021.10.win32_1.0.100.202210260954/tools/bin/../lib/gcc/arm-none-eabi/10.3.1/thumb/v7-m/nofp\libgcc.a
LOAD e:/stm32_latest/stm32cubeide_1.11.2/stm32cubeide/plugins/com.st.stm32cube.ide.mcu.externaltools.gnu-tools-for-stm32.10.3-2021.10.win32_1.0.100.202210260954/tools/bin/../lib/gcc/arm-none-eabi/10.3.1/../../../../arm-none-eabi/lib/thumb/v7-m/nofp\libc_nano.a
LOAD e:/stm32_latest/stm32cubeide_1.11.2/stm32cubeide/plugins/com.st.stm32cube.ide.mcu.externaltools.gnu-tools-for-stm32.10.3-2021.10.win32_1.0.100.202210260954/tools/bin/../lib/gcc/arm-none-eabi/10.3.1/../../../../arm-none-eabi/lib/thumb/v7-m/nofp\libnosys.a
END GROUP
START GROUP
LOAD e:/stm32_latest/stm32cubeide_1.11.2/stm32cubeide/plugins/com.st.stm32cube.ide.mcu.externaltools.gnu-tools-for-stm32.10.3-2021.10.win32_1.0.100.202210260954/tools/bin/../lib/gcc/arm-none-eabi/10.3.1/thumb/v7-m/nofp\libgcc.a
LOAD e:/stm32_latest/stm32cubeide_1.11.2/stm32cubeide/plugins/com.st.stm32cube.ide.mcu.externaltools.gnu-tools-for-stm32.10.3-2021.10.win32_1.0.100.202210260954/tools/bin/../lib/gcc/arm-none-eabi/10.3.1/../../../../arm-none-eabi/lib/thumb/v7-m/nofp\libc_nano.a
LOAD e:/stm32_latest/stm32cubeide_1.11.2/stm32cubeide/plugins/com.st.stm32cube.ide.mcu.externaltools.gnu-tools-for-stm32.10.3-2021.10.win32_1.0.100.202210260954/tools/bin/../lib/gcc/arm-none-eabi/10.3.1/../../../../arm-none-eabi/lib/thumb/v7-m/nofp\libnosys.a
END GROUP
LOAD e:/stm32_latest/stm32cubeide_1.11.2/stm32cubeide/plugins/com.st.stm32cube.ide.mcu.externaltools.gnu-tools-for-stm32.10.3-2021.10.win32_1.0.100.202210260954/tools/bin/../lib/gcc/arm-none-eabi/10.3.1/thumb/v7-m/nofp/crtend.o
LOAD e:/stm32_latest/stm32cubeide_1.11.2/stm32cubeide/plugins/com.st.stm32cube.ide.mcu.externaltools.gnu-tools-for-stm32.10.3-2021.10.win32_1.0.100.202210260954/tools/bin/../lib/gcc/arm-none-eabi/10.3.1/thumb/v7-m/nofp/crtn.o
                0x0000000020002800                _estack = (ORIGIN (RAM) + LENGTH (RAM))
                0x0000000000000200                _Min_Heap_Size = 0x200
                0x0000000000000400                _Min_Stack_Size = 0x400

.isr_vector     0x0000000008000000      0x130
                0x0000000008000000                . = ALIGN (0x4)
 *(.isr_vector)
 .isr_vector    0x0000000008000000      0x130 ./Startup/startup_stm32f103c6tx.o
                0x0000000008000000                g_pfnVectors
                0x0000000008000130                . = ALIGN (0x4)

.text           0x0000000008000130      0xd88
                0x0000000008000130                . = ALIGN (0x4)
 *(.text)
 .text          0x0000000008000130       0x40 e:/stm32_latest/stm32cubeide_1.11.2/stm32cubeide/plugins/com.st.stm32cube.ide.mcu.externaltools.gnu-tools-for-stm32.10.3-2021.10.win32_1.0.100.202210260954/tools/bin/../lib/gcc/arm-none-eabi/10.3.1/thumb/v7-m/nofp/crtbegin.o
 .text          0x0000000008000170       0x14 e:/stm32_latest/stm32cubeide_1.11.2/stm32cubeide/plugins/com.st.stm32cube.ide.mcu.externaltools.gnu-tools-for-stm32.10.3-2021.10.win32_1.0.100.202210260954/tools/bin/../lib/gcc/arm-none-eabi/10.3.1/../../../../arm-none-eabi/lib/thumb/v7-m/nofp\libc_nano.a(lib_a-strcmp.o)
                0x0000000008000170                strcmp
 *(.text*)
 .text.__NVIC_SetPriority
                0x0000000008000184       0x54 ./MY_RTOS/CortexMX_OS_Porting.o
 .text.SysTick_Config
                0x00000000080001d8       0x44 ./MY_RTOS/CortexMX_OS_Porting.o
 .text.SVC_Handler
                0x000000000800021c       0x14 ./MY_RTOS/CortexMX_OS_Porting.o
                0x000000000800021c                SVC_Handler
 .text.HW_init  0x0000000008000230       0x12 ./MY_RTOS/CortexMX_OS_Porting.o
                0x0000000008000230                HW_init
 *fill*         0x0000000008000242        0x2 
 .text.trigger_OS_PendSV
                0x0000000008000244       0x1c ./MY_RTOS/CortexMX_OS_Porting.o
                0x0000000008000244                trigger_OS_PendSV
 .text.Start_Ticker
                0x0000000008000260       0x10 ./MY_RTOS/CortexMX_OS_Porting.o
                0x0000000008000260                Start_Ticker
 .text.SysTick_Handler
                0x0000000008000270       0x24 ./MY_RTOS/CortexMX_OS_Porting.o
                0x0000000008000270                SysTick_Handler
 .text.FIFO_Init
                0x0000000008000294       0x40 ./MY_RTOS/MY_Rtos_FIFO.o
                0x0000000008000294                FIFO_Init
 .text.FIFO_Enqueue
                0x00000000080002d4       0x7a ./MY_RTOS/MY_Rtos_FIFO.o
                0x00000000080002d4                FIFO_Enqueue
 .text.FIFO_Dequeue
                0x000000000800034e       0x7a ./MY_RTOS/MY_Rtos_FIFO.o
                0x000000000800034e                FIFO_Dequeue
 .text.IS_FIFO_FULL
                0x00000000080003c8       0x40 ./MY_RTOS/MY_Rtos_FIFO.o
                0x00000000080003c8                IS_FIFO_FULL
 .text.MyRTOS_Create_TaskStack
                0x0000000008000408       0x7e ./MY_RTOS/Scheduler.o
                0x0000000008000408                MyRTOS_Create_TaskStack
 *fill*         0x0000000008000486        0x2 
 .text.bubbleSort
                0x0000000008000488       0x8c ./MY_RTOS/Scheduler.o
                0x0000000008000488                bubbleSort
 .text.PendSV_Handler
                0x0000000008000514      0x1c4 ./MY_RTOS/Scheduler.o
                0x0000000008000514                PendSV_Handler
 .text.MYRTOS_Update_Schedule_Tables
                0x00000000080006d8       0xbc ./MY_RTOS/Scheduler.o
                0x00000000080006d8                MYRTOS_Update_Schedule_Tables
 .text.Decide_What_Next
                0x0000000008000794       0xa4 ./MY_RTOS/Scheduler.o
                0x0000000008000794                Decide_What_Next
 .text.OS_SVC   0x0000000008000838       0x64 ./MY_RTOS/Scheduler.o
                0x0000000008000838                OS_SVC
 .text.MY_RTOS_IDLE_TASK
                0x000000000800089c       0x1c ./MY_RTOS/Scheduler.o
                0x000000000800089c                MY_RTOS_IDLE_TASK
 .text.MYRTOS_OS_SVC_Set
                0x00000000080008b8       0x34 ./MY_RTOS/Scheduler.o
                0x00000000080008b8                MYRTOS_OS_SVC_Set
 .text.MYRTOS_Create_Task
                0x00000000080008ec       0x64 ./MY_RTOS/Scheduler.o
                0x00000000080008ec                MYRTOS_Create_Task
 .text.MYRTOS_Create_MainStack
                0x0000000008000950       0x3c ./MY_RTOS/Scheduler.o
                0x0000000008000950                MYRTOS_Create_MainStack
 .text.MYRTOS_init
                0x000000000800098c       0x80 ./MY_RTOS/Scheduler.o
                0x000000000800098c                MYRTOS_init
 .text.MYRTOS_ActivateTask
                0x0000000008000a0c       0x1e ./MY_RTOS/Scheduler.o
                0x0000000008000a0c                MYRTOS_ActivateTask
 *fill*         0x0000000008000a2a        0x2 
 .text.MYRTOS_Start_OS
                0x0000000008000a2c       0x58 ./MY_RTOS/Scheduler.o
                0x0000000008000a2c                MYRTOS_Start_OS
 .text.EXTI0_IRQHandler
                0x0000000008000a84       0x28 ./STM32F103C6_Drivers/STM32F103C6_EXTI_Driver.o
                0x0000000008000a84                EXTI0_IRQHandler
 .text.EXTI1_IRQHandler
                0x0000000008000aac       0x28 ./STM32F103C6_Drivers/STM32F103C6_EXTI_Driver.o
                0x0000000008000aac                EXTI1_IRQHandler
 .text.EXTI2_IRQHandler
                0x0000000008000ad4       0x28 ./STM32F103C6_Drivers/STM32F103C6_EXTI_Driver.o
                0x0000000008000ad4                EXTI2_IRQHandler
 .text.EXTI3_IRQHandler
                0x0000000008000afc       0x28 ./STM32F103C6_Drivers/STM32F103C6_EXTI_Driver.o
                0x0000000008000afc                EXTI3_IRQHandler
 .text.EXTI4_IRQHandler
                0x0000000008000b24       0x28 ./STM32F103C6_Drivers/STM32F103C6_EXTI_Driver.o
                0x0000000008000b24                EXTI4_IRQHandler
 .text.EXTI9_5_IRQHandler
                0x0000000008000b4c       0xc4 ./STM32F103C6_Drivers/STM32F103C6_EXTI_Driver.o
                0x0000000008000b4c                EXTI9_5_IRQHandler
 .text.EXTI15_10_IRQHandler
                0x0000000008000c10       0xe8 ./STM32F103C6_Drivers/STM32F103C6_EXTI_Driver.o
                0x0000000008000c10                EXTI15_10_IRQHandler
 .text.task1    0x0000000008000cf8       0x18 ./Src/main.o
                0x0000000008000cf8                task1
 .text.task2    0x0000000008000d10       0x18 ./Src/main.o
                0x0000000008000d10                task2
 .text.task3    0x0000000008000d28       0x18 ./Src/main.o
                0x0000000008000d28                task3
 .text.main     0x0000000008000d40       0xc4 ./Src/main.o
                0x0000000008000d40                main
 .text.Reset_Handler
                0x0000000008000e04       0x50 ./Startup/startup_stm32f103c6tx.o
                0x0000000008000e04                Reset_Handler
 .text.Default_Handler
                0x0000000008000e54        0x2 ./Startup/startup_stm32f103c6tx.o
                0x0000000008000e54                TIM8_TRG_COM_IRQHandler
                0x0000000008000e54                TIM8_CC_IRQHandler
                0x0000000008000e54                DebugMon_Handler
                0x0000000008000e54                TIM1_CC_IRQHandler
                0x0000000008000e54                HardFault_Handler
                0x0000000008000e54                TIM6_IRQHandler
                0x0000000008000e54                PVD_IRQHandler
                0x0000000008000e54                SDIO_IRQHandler
                0x0000000008000e54                NMI_Handler
                0x0000000008000e54                USB_HP_CAN_TX_IRQHandler
                0x0000000008000e54                I2C2_EV_IRQHandler
                0x0000000008000e54                UsageFault_Handler
                0x0000000008000e54                ADC1_2_IRQHandler
                0x0000000008000e54                SPI1_IRQHandler
                0x0000000008000e54                CAN_SCE_IRQHandler
                0x0000000008000e54                TAMPER_IRQHandler
                0x0000000008000e54                TIM8_UP_IRQHandler
                0x0000000008000e54                DMA2_Channel2_IRQHandler
                0x0000000008000e54                DMA1_Channel4_IRQHandler
                0x0000000008000e54                USART3_IRQHandler
                0x0000000008000e54                RTC_IRQHandler
                0x0000000008000e54                DMA1_Channel7_IRQHandler
                0x0000000008000e54                UART5_IRQHandler
                0x0000000008000e54                ADC3_IRQHandler
                0x0000000008000e54                TIM4_IRQHandler
                0x0000000008000e54                CAN_RX1_IRQHandler
                0x0000000008000e54                DMA2_Channel1_IRQHandler
                0x0000000008000e54                I2C1_EV_IRQHandler
                0x0000000008000e54                DMA1_Channel6_IRQHandler
                0x0000000008000e54                UART4_IRQHandler
                0x0000000008000e54                TIM3_IRQHandler
                0x0000000008000e54                RCC_IRQHandler
                0x0000000008000e54                TIM1_TRG_COM_IRQHandler
                0x0000000008000e54                DMA1_Channel1_IRQHandler
                0x0000000008000e54                Default_Handler
                0x0000000008000e54                TIM7_IRQHandler
                0x0000000008000e54                TIM5_IRQHandler
                0x0000000008000e54                SPI2_IRQHandler
                0x0000000008000e54                USB_LP_CAN_RX0_IRQHandler
                0x0000000008000e54                MemManage_Handler
                0x0000000008000e54                DMA1_Channel5_IRQHandler
                0x0000000008000e54                DMA1_Channel3_IRQHandler
                0x0000000008000e54                FSMC_IRQHandler
                0x0000000008000e54                TIM1_UP_IRQHandler
                0x0000000008000e54                WWDG_IRQHandler
                0x0000000008000e54                TIM2_IRQHandler
                0x0000000008000e54                TIM1_BRK_IRQHandler
                0x0000000008000e54                RTCAlarm_IRQHandler
                0x0000000008000e54                DMA2_Channel4_5_IRQHandler
                0x0000000008000e54                USART2_IRQHandler
                0x0000000008000e54                I2C2_ER_IRQHandler
                0x0000000008000e54                DMA1_Channel2_IRQHandler
                0x0000000008000e54                TIM8_BRK_IRQHandler
                0x0000000008000e54                FLASH_IRQHandler
                0x0000000008000e54                BusFault_Handler
                0x0000000008000e54                USART1_IRQHandler
                0x0000000008000e54                SPI3_IRQHandler
                0x0000000008000e54                I2C1_ER_IRQHandler
                0x0000000008000e54                DMA2_Channel3_IRQHandler
 *fill*         0x0000000008000e56        0x2 
 .text.__libc_init_array
                0x0000000008000e58       0x48 e:/stm32_latest/stm32cubeide_1.11.2/stm32cubeide/plugins/com.st.stm32cube.ide.mcu.externaltools.gnu-tools-for-stm32.10.3-2021.10.win32_1.0.100.202210260954/tools/bin/../lib/gcc/arm-none-eabi/10.3.1/../../../../arm-none-eabi/lib/thumb/v7-m/nofp\libc_nano.a(lib_a-init.o)
                0x0000000008000e58                __libc_init_array
 *(.glue_7)
 .glue_7        0x0000000008000ea0        0x0 linker stubs
 *(.glue_7t)
 .glue_7t       0x0000000008000ea0        0x0 linker stubs
 *(.eh_frame)
 .eh_frame      0x0000000008000ea0        0x0 e:/stm32_latest/stm32cubeide_1.11.2/stm32cubeide/plugins/com.st.stm32cube.ide.mcu.externaltools.gnu-tools-for-stm32.10.3-2021.10.win32_1.0.100.202210260954/tools/bin/../lib/gcc/arm-none-eabi/10.3.1/thumb/v7-m/nofp/crtbegin.o
 *(.init)
 .init          0x0000000008000ea0        0x4 e:/stm32_latest/stm32cubeide_1.11.2/stm32cubeide/plugins/com.st.stm32cube.ide.mcu.externaltools.gnu-tools-for-stm32.10.3-2021.10.win32_1.0.100.202210260954/tools/bin/../lib/gcc/arm-none-eabi/10.3.1/thumb/v7-m/nofp/crti.o
                0x0000000008000ea0                _init
 .init          0x0000000008000ea4        0x8 e:/stm32_latest/stm32cubeide_1.11.2/stm32cubeide/plugins/com.st.stm32cube.ide.mcu.externaltools.gnu-tools-for-stm32.10.3-2021.10.win32_1.0.100.202210260954/tools/bin/../lib/gcc/arm-none-eabi/10.3.1/thumb/v7-m/nofp/crtn.o
 *(.fini)
 .fini          0x0000000008000eac        0x4 e:/stm32_latest/stm32cubeide_1.11.2/stm32cubeide/plugins/com.st.stm32cube.ide.mcu.externaltools.gnu-tools-for-stm32.10.3-2021.10.win32_1.0.100.202210260954/tools/bin/../lib/gcc/arm-none-eabi/10.3.1/thumb/v7-m/nofp/crti.o
                0x0000000008000eac                _fini
 .fini          0x0000000008000eb0        0x8 e:/stm32_latest/stm32cubeide_1.11.2/stm32cubeide/plugins/com.st.stm32cube.ide.mcu.externaltools.gnu-tools-for-stm32.10.3-2021.10.win32_1.0.100.202210260954/tools/bin/../lib/gcc/arm-none-eabi/10.3.1/thumb/v7-m/nofp/crtn.o
                0x0000000008000eb8                . = ALIGN (0x4)
                0x0000000008000eb8                _etext = .

.vfp11_veneer   0x0000000008000eb8        0x0
 .vfp11_veneer  0x0000000008000eb8        0x0 linker stubs

.v4_bx          0x0000000008000eb8        0x0
 .v4_bx         0x0000000008000eb8        0x0 linker stubs

.iplt           0x0000000008000eb8        0x0
 .iplt          0x0000000008000eb8        0x0 e:/stm32_latest/stm32cubeide_1.11.2/stm32cubeide/plugins/com.st.stm32cube.ide.mcu.externaltools.gnu-tools-for-stm32.10.3-2021.10.win32_1.0.100.202210260954/tools/bin/../lib/gcc/arm-none-eabi/10.3.1/thumb/v7-m/nofp/crtbegin.o

.rodata         0x0000000008000eb8       0x24
                0x0000000008000eb8                . = ALIGN (0x4)
 *(.rodata)
 .rodata        0x0000000008000eb8        0x9 ./MY_RTOS/Scheduler.o
 *fill*         0x0000000008000ec1        0x3 
 .rodata        0x0000000008000ec4       0x16 ./Src/main.o
 *(.rodata*)
                0x0000000008000edc                . = ALIGN (0x4)
 *fill*         0x0000000008000eda        0x2 

.rel.dyn        0x0000000008000edc        0x0
 .rel.iplt      0x0000000008000edc        0x0 e:/stm32_latest/stm32cubeide_1.11.2/stm32cubeide/plugins/com.st.stm32cube.ide.mcu.externaltools.gnu-tools-for-stm32.10.3-2021.10.win32_1.0.100.202210260954/tools/bin/../lib/gcc/arm-none-eabi/10.3.1/thumb/v7-m/nofp/crtbegin.o

.ARM.extab      0x0000000008000edc        0x0
                0x0000000008000edc                . = ALIGN (0x4)
 *(.ARM.extab* .gnu.linkonce.armextab.*)
                0x0000000008000edc                . = ALIGN (0x4)

.ARM            0x0000000008000edc        0x0
                0x0000000008000edc                . = ALIGN (0x4)
                0x0000000008000edc                __exidx_start = .
 *(.ARM.exidx*)
                0x0000000008000edc                __exidx_end = .
                0x0000000008000edc                . = ALIGN (0x4)

.preinit_array  0x0000000008000edc        0x0
                0x0000000008000edc                . = ALIGN (0x4)
                0x0000000008000edc                PROVIDE (__preinit_array_start = .)
 *(.preinit_array*)
                0x0000000008000edc                PROVIDE (__preinit_array_end = .)
                0x0000000008000edc                . = ALIGN (0x4)

.init_array     0x0000000008000edc        0x4
                0x0000000008000edc                . = ALIGN (0x4)
                0x0000000008000edc                PROVIDE (__init_array_start = .)
 *(SORT_BY_NAME(.init_array.*))
 *(.init_array*)
 .init_array    0x0000000008000edc        0x4 e:/stm32_latest/stm32cubeide_1.11.2/stm32cubeide/plugins/com.st.stm32cube.ide.mcu.externaltools.gnu-tools-for-stm32.10.3-2021.10.win32_1.0.100.202210260954/tools/bin/../lib/gcc/arm-none-eabi/10.3.1/thumb/v7-m/nofp/crtbegin.o
                0x0000000008000ee0                PROVIDE (__init_array_end = .)
                0x0000000008000ee0                . = ALIGN (0x4)

.fini_array     0x0000000008000ee0        0x4
                0x0000000008000ee0                . = ALIGN (0x4)
                [!provide]                        PROVIDE (__fini_array_start = .)
 *(SORT_BY_NAME(.fini_array.*))
 *(.fini_array*)
 .fini_array    0x0000000008000ee0        0x4 e:/stm32_latest/stm32cubeide_1.11.2/stm32cubeide/plugins/com.st.stm32cube.ide.mcu.externaltools.gnu-tools-for-stm32.10.3-2021.10.win32_1.0.100.202210260954/tools/bin/../lib/gcc/arm-none-eabi/10.3.1/thumb/v7-m/nofp/crtbegin.o
                [!provide]                        PROVIDE (__fini_array_end = .)
                0x0000000008000ee4                . = ALIGN (0x4)
                0x0000000008000ee4                _sidata = LOADADDR (.data)

.data           0x0000000020000000        0x4 load address 0x0000000008000ee4
                0x0000000020000000                . = ALIGN (0x4)
                0x0000000020000000                _sdata = .
 *(.data)
 *(.data*)
 .data.EXTI_PTR
                0x0000000020000000        0x4 ./STM32F103C6_Drivers/STM32F103C6_EXTI_Driver.o
                0x0000000020000000                EXTI_PTR
                0x0000000020000004                . = ALIGN (0x4)
                0x0000000020000004                _edata = .

.igot.plt       0x0000000020000004        0x0 load address 0x0000000008000ee8
 .igot.plt      0x0000000020000004        0x0 e:/stm32_latest/stm32cubeide_1.11.2/stm32cubeide/plugins/com.st.stm32cube.ide.mcu.externaltools.gnu-tools-for-stm32.10.3-2021.10.win32_1.0.100.202210260954/tools/bin/../lib/gcc/arm-none-eabi/10.3.1/thumb/v7-m/nofp/crtbegin.o
                0x0000000020000004                . = ALIGN (0x4)

.bss            0x0000000020000004      0x514 load address 0x0000000008000ee8
                0x0000000020000004                _sbss = .
                0x0000000020000004                __bss_start__ = _sbss
 *(.bss)
 .bss           0x0000000020000004       0x1c e:/stm32_latest/stm32cubeide_1.11.2/stm32cubeide/plugins/com.st.stm32cube.ide.mcu.externaltools.gnu-tools-for-stm32.10.3-2021.10.win32_1.0.100.202210260954/tools/bin/../lib/gcc/arm-none-eabi/10.3.1/thumb/v7-m/nofp/crtbegin.o
 *(.bss*)
 .bss.Systick_LED
                0x0000000020000020        0x1 ./MY_RTOS/CortexMX_OS_Porting.o
                0x0000000020000020                Systick_LED
 *fill*         0x0000000020000021        0x3 
 .bss.OS_Control
                0x0000000020000024      0x1ac ./MY_RTOS/Scheduler.o
                0x0000000020000024                OS_Control
 .bss.Ready_Queue
                0x00000000200001d0       0x14 ./MY_RTOS/Scheduler.o
                0x00000000200001d0                Ready_Queue
 .bss.Ready_FIFO
                0x00000000200001e4      0x190 ./MY_RTOS/Scheduler.o
                0x00000000200001e4                Ready_FIFO
 .bss.IDLE_TASK
                0x0000000020000374       0x58 ./MY_RTOS/Scheduler.o
                0x0000000020000374                IDLE_TASK
 .bss.IDLE_TASK_LED
                0x00000000200003cc        0x1 ./MY_RTOS/Scheduler.o
                0x00000000200003cc                IDLE_TASK_LED
 *fill*         0x00000000200003cd        0x3 
 .bss.GP_IRQ_CallBack
                0x00000000200003d0       0x3c ./STM32F103C6_Drivers/STM32F103C6_EXTI_Driver.o
                0x00000000200003d0                GP_IRQ_CallBack
 .bss.Task1     0x000000002000040c       0x58 ./Src/main.o
                0x000000002000040c                Task1
 .bss.Task2     0x0000000020000464       0x58 ./Src/main.o
                0x0000000020000464                Task2
 .bss.Task3     0x00000000200004bc       0x58 ./Src/main.o
                0x00000000200004bc                Task3
 .bss.Task1LED  0x0000000020000514        0x1 ./Src/main.o
                0x0000000020000514                Task1LED
 .bss.Task2LED  0x0000000020000515        0x1 ./Src/main.o
                0x0000000020000515                Task2LED
 .bss.Task3LED  0x0000000020000516        0x1 ./Src/main.o
                0x0000000020000516                Task3LED
 *(COMMON)
                0x0000000020000518                . = ALIGN (0x4)
 *fill*         0x0000000020000517        0x1 
                0x0000000020000518                _ebss = .
                0x0000000020000518                __bss_end__ = _ebss

._user_heap_stack
                0x0000000020000518      0x600 load address 0x0000000008000ee8
                0x0000000020000518                . = ALIGN (0x8)
                [!provide]                        PROVIDE (end = .)
                0x0000000020000518                PROVIDE (_end = .)
                0x0000000020000718                . = (. + _Min_Heap_Size)
 *fill*         0x0000000020000518      0x200 
                0x0000000020000b18                . = (. + _Min_Stack_Size)
 *fill*         0x0000000020000718      0x400 
                0x0000000020000b18                . = ALIGN (0x8)

/DISCARD/
 libc.a(*)
 libm.a(*)
 libgcc.a(*)

.ARM.attributes
                0x0000000000000000       0x29
 *(.ARM.attributes)
 .ARM.attributes
                0x0000000000000000       0x1d e:/stm32_latest/stm32cubeide_1.11.2/stm32cubeide/plugins/com.st.stm32cube.ide.mcu.externaltools.gnu-tools-for-stm32.10.3-2021.10.win32_1.0.100.202210260954/tools/bin/../lib/gcc/arm-none-eabi/10.3.1/thumb/v7-m/nofp/crti.o
 .ARM.attributes
                0x000000000000001d       0x2d e:/stm32_latest/stm32cubeide_1.11.2/stm32cubeide/plugins/com.st.stm32cube.ide.mcu.externaltools.gnu-tools-for-stm32.10.3-2021.10.win32_1.0.100.202210260954/tools/bin/../lib/gcc/arm-none-eabi/10.3.1/thumb/v7-m/nofp/crtbegin.o
 .ARM.attributes
                0x000000000000004a       0x2d ./MY_RTOS/CortexMX_OS_Porting.o
 .ARM.attributes
                0x0000000000000077       0x2d ./MY_RTOS/MY_Rtos_FIFO.o
 .ARM.attributes
                0x00000000000000a4       0x2d ./MY_RTOS/Scheduler.o
 .ARM.attributes
                0x00000000000000d1       0x2d ./STM32F103C6_Drivers/STM32F103C6_EXTI_Driver.o
 .ARM.attributes
                0x00000000000000fe       0x2d ./Src/main.o
 .ARM.attributes
                0x000000000000012b       0x21 ./Startup/startup_stm32f103c6tx.o
 .ARM.attributes
                0x000000000000014c       0x2d e:/stm32_latest/stm32cubeide_1.11.2/stm32cubeide/plugins/com.st.stm32cube.ide.mcu.externaltools.gnu-tools-for-stm32.10.3-2021.10.win32_1.0.100.202210260954/tools/bin/../lib/gcc/arm-none-eabi/10.3.1/../../../../arm-none-eabi/lib/thumb/v7-m/nofp\libc_nano.a(lib_a-init.o)
 .ARM.attributes
                0x0000000000000179       0x1b e:/stm32_latest/stm32cubeide_1.11.2/stm32cubeide/plugins/com.st.stm32cube.ide.mcu.externaltools.gnu-tools-for-stm32.10.3-2021.10.win32_1.0.100.202210260954/tools/bin/../lib/gcc/arm-none-eabi/10.3.1/../../../../arm-none-eabi/lib/thumb/v7-m/nofp\libc_nano.a(lib_a-strcmp.o)
 .ARM.attributes
                0x0000000000000194       0x1d e:/stm32_latest/stm32cubeide_1.11.2/stm32cubeide/plugins/com.st.stm32cube.ide.mcu.externaltools.gnu-tools-for-stm32.10.3-2021.10.win32_1.0.100.202210260954/tools/bin/../lib/gcc/arm-none-eabi/10.3.1/thumb/v7-m/nofp/crtn.o
OUTPUT(RTOS_Project_Second_Session.axf elf32-littlearm)
LOAD linker stubs
LOAD e:/stm32_latest/stm32cubeide_1.11.2/stm32cubeide/plugins/com.st.stm32cube.ide.mcu.externaltools.gnu-tools-for-stm32.10.3-2021.10.win32_1.0.100.202210260954/tools/bin/../lib/gcc/arm-none-eabi/10.3.1/../../../../arm-none-eabi/lib/thumb/v7-m/nofp\libc.a
LOAD e:/stm32_latest/stm32cubeide_1.11.2/stm32cubeide/plugins/com.st.stm32cube.ide.mcu.externaltools.gnu-tools-for-stm32.10.3-2021.10.win32_1.0.100.202210260954/tools/bin/../lib/gcc/arm-none-eabi/10.3.1/../../../../arm-none-eabi/lib/thumb/v7-m/nofp\libm.a
LOAD e:/stm32_latest/stm32cubeide_1.11.2/stm32cubeide/plugins/com.st.stm32cube.ide.mcu.externaltools.gnu-tools-for-stm32.10.3-2021.10.win32_1.0.100.202210260954/tools/bin/../lib/gcc/arm-none-eabi/10.3.1/thumb/v7-m/nofp\libgcc.a

.debug_info     0x0000000000000000     0x1a22
 .debug_info    0x0000000000000000      0x5f6 ./MY_RTOS/CortexMX_OS_Porting.o
 .debug_info    0x00000000000005f6      0x40e ./MY_RTOS/MY_Rtos_FIFO.o
 .debug_info    0x0000000000000a04      0x735 ./MY_RTOS/Scheduler.o
 .debug_info    0x0000000000001139      0x55a ./STM32F103C6_Drivers/STM32F103C6_EXTI_Driver.o
 .debug_info    0x0000000000001693      0x36d ./Src/main.o
 .debug_info    0x0000000000001a00       0x22 ./Startup/startup_stm32f103c6tx.o

.debug_abbrev   0x0000000000000000      0x976
 .debug_abbrev  0x0000000000000000      0x1c4 ./MY_RTOS/CortexMX_OS_Porting.o
 .debug_abbrev  0x00000000000001c4      0x1a3 ./MY_RTOS/MY_Rtos_FIFO.o
 .debug_abbrev  0x0000000000000367      0x2f5 ./MY_RTOS/Scheduler.o
 .debug_abbrev  0x000000000000065c      0x19a ./STM32F103C6_Drivers/STM32F103C6_EXTI_Driver.o
 .debug_abbrev  0x00000000000007f6      0x16e ./Src/main.o
 .debug_abbrev  0x0000000000000964       0x12 ./Startup/startup_stm32f103c6tx.o

.debug_loc      0x0000000000000000      0xac0
 .debug_loc     0x0000000000000000      0x174 ./MY_RTOS/CortexMX_OS_Porting.o
 .debug_loc     0x0000000000000174      0x1b4 ./MY_RTOS/MY_Rtos_FIFO.o
 .debug_loc     0x0000000000000328      0x3c8 ./MY_RTOS/Scheduler.o
 .debug_loc     0x00000000000006f0      0x320 ./STM32F103C6_Drivers/STM32F103C6_EXTI_Driver.o
 .debug_loc     0x0000000000000a10       0xb0 ./Src/main.o

.debug_aranges  0x0000000000000000      0x1f8
 .debug_aranges
                0x0000000000000000       0x50 ./MY_RTOS/CortexMX_OS_Porting.o
 .debug_aranges
                0x0000000000000050       0x40 ./MY_RTOS/MY_Rtos_FIFO.o
 .debug_aranges
                0x0000000000000090       0x88 ./MY_RTOS/Scheduler.o
 .debug_aranges
                0x0000000000000118       0x80 ./STM32F103C6_Drivers/STM32F103C6_EXTI_Driver.o
 .debug_aranges
                0x0000000000000198       0x38 ./Src/main.o
 .debug_aranges
                0x00000000000001d0       0x28 ./Startup/startup_stm32f103c6tx.o

.debug_ranges   0x0000000000000000      0x1a0
 .debug_ranges  0x0000000000000000       0x40 ./MY_RTOS/CortexMX_OS_Porting.o
 .debug_ranges  0x0000000000000040       0x30 ./MY_RTOS/MY_Rtos_FIFO.o
 .debug_ranges  0x0000000000000070       0x78 ./MY_RTOS/Scheduler.o
 .debug_ranges  0x00000000000000e8       0x70 ./STM32F103C6_Drivers/STM32F103C6_EXTI_Driver.o
 .debug_ranges  0x0000000000000158       0x28 ./Src/main.o
 .debug_ranges  0x0000000000000180       0x20 ./Startup/startup_stm32f103c6tx.o

.debug_macro    0x0000000000000000     0x185d
 .debug_macro   0x0000000000000000       0xc7 ./MY_RTOS/CortexMX_OS_Porting.o
 .debug_macro   0x00000000000000c7       0x28 ./MY_RTOS/CortexMX_OS_Porting.o
 .debug_macro   0x00000000000000ef       0x8e ./MY_RTOS/CortexMX_OS_Porting.o
 .debug_macro   0x000000000000017d       0x51 ./MY_RTOS/CortexMX_OS_Porting.o
 .debug_macro   0x00000000000001ce       0x1c ./MY_RTOS/CortexMX_OS_Porting.o
 .debug_macro   0x00000000000001ea       0x22 ./MY_RTOS/CortexMX_OS_Porting.o
 .debug_macro   0x000000000000020c       0xdf ./MY_RTOS/CortexMX_OS_Porting.o
 .debug_macro   0x00000000000002eb      0xe34 ./MY_RTOS/CortexMX_OS_Porting.o
 .debug_macro   0x000000000000111f       0x2e ./MY_RTOS/CortexMX_OS_Porting.o
 .debug_macro   0x000000000000114d       0xd2 ./MY_RTOS/MY_Rtos_FIFO.o
 .debug_macro   0x000000000000121f       0x10 ./MY_RTOS/MY_Rtos_FIFO.o
 .debug_macro   0x000000000000122f       0xda ./MY_RTOS/Scheduler.o
 .debug_macro   0x0000000000001309      0x169 ./STM32F103C6_Drivers/STM32F103C6_EXTI_Driver.o
 .debug_macro   0x0000000000001472      0x220 ./STM32F103C6_Drivers/STM32F103C6_EXTI_Driver.o
 .debug_macro   0x0000000000001692      0x1cb ./Src/main.o

.debug_line     0x0000000000000000     0x2832
 .debug_line    0x0000000000000000      0x5d5 ./MY_RTOS/CortexMX_OS_Porting.o
 .debug_line    0x00000000000005d5      0x693 ./MY_RTOS/MY_Rtos_FIFO.o
 .debug_line    0x0000000000000c68      0x9d4 ./MY_RTOS/Scheduler.o
 .debug_line    0x000000000000163c      0x9f0 ./STM32F103C6_Drivers/STM32F103C6_EXTI_Driver.o
 .debug_line    0x000000000000202c      0x782 ./Src/main.o
 .debug_line    0x00000000000027ae       0x84 ./Startup/startup_stm32f103c6tx.o

.debug_str      0x0000000000000000     0xeeae
 .debug_str     0x0000000000000000     0x9772 ./MY_RTOS/CortexMX_OS_Porting.o
                                       0x990d (size before relaxing)
 .debug_str     0x0000000000009772      0x1be ./MY_RTOS/MY_Rtos_FIFO.o
                                       0x97f4 (size before relaxing)
 .debug_str     0x0000000000009930      0x26f ./MY_RTOS/Scheduler.o
                                       0x9a54 (size before relaxing)
 .debug_str     0x0000000000009b9f     0x528c ./STM32F103C6_Drivers/STM32F103C6_EXTI_Driver.o
                                       0x8f14 (size before relaxing)
 .debug_str     0x000000000000ee2b       0x52 ./Src/main.o
                                       0xe79c (size before relaxing)
 .debug_str     0x000000000000ee7d       0x31 ./Startup/startup_stm32f103c6tx.o
                                         0x84 (size before relaxing)

.comment        0x0000000000000000       0x50
 .comment       0x0000000000000000       0x50 ./MY_RTOS/CortexMX_OS_Porting.o
                                         0x51 (size before relaxing)
 .comment       0x0000000000000050       0x51 ./MY_RTOS/MY_Rtos_FIFO.o
 .comment       0x0000000000000050       0x51 ./MY_RTOS/Scheduler.o
 .comment       0x0000000000000050       0x51 ./STM32F103C6_Drivers/STM32F103C6_EXTI_Driver.o
 .comment       0x0000000000000050       0x51 ./Src/main.o

.debug_frame    0x0000000000000000      0x604
 .debug_frame   0x0000000000000000       0xe0 ./MY_RTOS/CortexMX_OS_Porting.o
 .debug_frame   0x00000000000000e0       0xd0 ./MY_RTOS/MY_Rtos_FIFO.o
 .debug_frame   0x00000000000001b0      0x1e4 ./MY_RTOS/Scheduler.o
 .debug_frame   0x0000000000000394      0x1b0 ./STM32F103C6_Drivers/STM32F103C6_EXTI_Driver.o
 .debug_frame   0x0000000000000544       0x74 ./Src/main.o
 .debug_frame   0x00000000000005b8       0x2c e:/stm32_latest/stm32cubeide_1.11.2/stm32cubeide/plugins/com.st.stm32cube.ide.mcu.externaltools.gnu-tools-for-stm32.10.3-2021.10.win32_1.0.100.202210260954/tools/bin/../lib/gcc/arm-none-eabi/10.3.1/../../../../arm-none-eabi/lib/thumb/v7-m/nofp\libc_nano.a(lib_a-init.o)
 .debug_frame   0x00000000000005e4       0x20 e:/stm32_latest/stm32cubeide_1.11.2/stm32cubeide/plugins/com.st.stm32cube.ide.mcu.externaltools.gnu-tools-for-stm32.10.3-2021.10.win32_1.0.100.202210260954/tools/bin/../lib/gcc/arm-none-eabi/10.3.1/../../../../arm-none-eabi/lib/thumb/v7-m/nofp\libc_nano.a(lib_a-strcmp.o)
