../STM32F103C6_Drivers/STM32F103C6_EXTI_Driver.c:36:6:Enable_NVIC	16	static
../STM32F103C6_Drivers/STM32F103C6_EXTI_Driver.c:74:6:Disable_NVIC	16	static
../STM32F103C6_Drivers/STM32F103C6_EXTI_Driver.c:112:6:Update_EXTI	32	static
../STM32F103C6_Drivers/STM32F103C6_EXTI_Driver.c:170:6:MCAL_EXTI_GPIO_Init	16	static
../STM32F103C6_Drivers/STM32F103C6_EXTI_Driver.c:183:6:MCAL_EXTI_GPIO_Update	16	static
../STM32F103C6_Drivers/STM32F103C6_EXTI_Driver.c:194:6:MCAL_EXTI_GPIO_Reset	4	static
../STM32F103C6_Drivers/STM32F103C6_EXTI_Driver.c:219:6:EXTI0_IRQHandler	8	static
../STM32F103C6_Drivers/STM32F103C6_EXTI_Driver.c:227:6:EXTI1_IRQHandler	8	static
../STM32F103C6_Drivers/STM32F103C6_EXTI_Driver.c:234:6:EXTI2_IRQHandler	8	static
../STM32F103C6_Drivers/STM32F103C6_EXTI_Driver.c:241:6:EXTI3_IRQHandler	8	static
../STM32F103C6_Drivers/STM32F103C6_EXTI_Driver.c:249:6:EXTI4_IRQHandler	8	static
../STM32F103C6_Drivers/STM32F103C6_EXTI_Driver.c:257:6:EXTI9_5_IRQHandler	8	static
../STM32F103C6_Drivers/STM32F103C6_EXTI_Driver.c:265:6:EXTI15_10_IRQHandler	8	static
